// Jest Snapshot v1, https://goo.gl/fbAQLP

exports[`Snapshot 1 1`] = `"<table class=\\"ui selectable striped unstackable table\\"><thead class=\\"\\"><tr class=\\"\\"></tr></thead><tbody class=\\"ut__tbody\\"></tbody><tfoot class=\\"\\"><tr class=\\"\\"><th colspan=\\"7\\" class=\\"\\"><div name=\\"users\\" aria-label=\\"Pagination Navigation\\" role=\\"navigation\\" class=\\"ui borderless pagination menu\\"><a aria-current=\\"false\\" aria-disabled=\\"false\\" tabindex=\\"0\\" value=\\"1\\" aria-label=\\"Previous item\\" type=\\"prevItem\\" class=\\"item\\">⟨</a><a aria-current=\\"false\\" aria-disabled=\\"false\\" tabindex=\\"0\\" value=\\"1\\" type=\\"pageItem\\" class=\\"item\\">1</a><a aria-current=\\"false\\" aria-disabled=\\"false\\" tabindex=\\"0\\" value=\\"2\\" type=\\"pageItem\\" class=\\"item\\">2</a><a aria-current=\\"false\\" aria-disabled=\\"false\\" tabindex=\\"0\\" value=\\"1\\" aria-label=\\"Next item\\" type=\\"nextItem\\" class=\\"item\\">⟩</a></div></th></tr></tfoot></table>"`;
