// Jest Snapshot v1, https://goo.gl/fbAQLP

exports[`Render 1 1 1`] = `
"<body>
  <div
    id=\\"root\\"
  />
  <div>
    <div
      class=\\"ui fitted checkbox\\"
    >
      <input
        class=\\"hidden\\"
        readonly=\\"\\"
        tabindex=\\"0\\"
        type=\\"checkbox\\"
        value=\\"\\"
      />
      <label />
    </div>
  </div>
</body>"
`;
