// Jest Snapshot v1, https://goo.gl/fbAQLP

exports[`Render 1 1 1`] = `
<DocumentFragment>
  <div
    aria-busy="true"
    aria-live="polite"
    class="ui card loading__single-card"
    role="status"
    style="width: 100%; height: 90%;"
  >
    <div
      aria-hidden="true"
      class="content loading__content"
    >
      <div
        class="ui placeholder"
      >
        <div
          class="square image"
        />
      </div>
    </div>
  </div>
</DocumentFragment>
`;

exports[`Render 1 1 3`] = `
<DocumentFragment>
  <div>
    <div
      class="ui top attached tabular c__tab-menu--overflow menu"
    >
      <a
        class="active item"
        tabindex="0"
      >
        A New Cohort That Exists Within Inline Props
      </a>
    </div>
    <div
      class="ui bottom attached segment"
    >
      <section
        class="c__section c__cohort-header"
      >
        <div
          class="c__cohort-url"
        >
          <div
            class="ui big labeled input"
          >
            <div
              class="ui label label"
            >
              Copy cohort url
            </div>
            <input
              type="text"
              value="http://localhost/cohort/1"
            />
          </div>
           
          <button
            class="ui small button"
          >
            <i
              aria-hidden="true"
              class="clipboard outline icon primary"
            />
            Copy cohort link to clipboard
          </button>
        </div>
        <div
          class="c__cohort-user-actions"
        >
          <div
            class="c__activation-state"
          >
            <p
              class="c__activation-state__display"
            >
              Cohort is 
              <span>
                Active
              </span>
            </p>
            <button
              class="ui small button"
            >
              <i
                aria-hidden="true"
                class="archive icon primary"
              />
              Archive cohort
            </button>
          </div>
          <button
            class="ui small button"
          >
            <i
              aria-hidden="true"
              class="edit icon primary"
            />
            Rename cohort
          </button>
          <button
            class="ui small button"
          >
            <i
              aria-hidden="true"
              class="trash alternate outline icon primary"
            />
            Delete cohort
          </button>
        </div>
      </section>
      <section
        class="c__section"
      >
        <h2
          class="ui header"
        >
          Cohort scenarios
        </h2>
        <div>
          <button
            authority="[object Object]"
            id="1"
          >
            @components/Cohorts/CohortScenarios
          </button>
        </div>
      </section>
      <section
        class="c__section"
      >
        <h2
          class="ui header"
        >
          Cohort progress
        </h2>
        <h3
          class="ui header"
        >
          Track participant progress and responses to selected scenarios
        </h3>
        <div
          class="ui fluid container c__scenario-container"
        >
          <div
            class="ui stackable two column grid c__scenario-participant-header"
          >
            <div
              class="six wide column"
            >
              <p
                class="c__scenario-header-num"
              >
                <span>
                  0/5
                </span>
                 participants have completed all scenarios
              </p>
              <button
                aria-label="Manage participants"
                class="ui tiny button"
              >
                Manage participants
              </button>
            </div>
            <div
              class="ten wide column c__scenario-search-participants"
            >
              <div
                class="ui big icon labeled input grid__menu-search"
              >
                <div
                  class="ui label label"
                >
                  Search participants
                </div>
                <input
                  aria-label="Search participants"
                  type="text"
                />
                <i
                  aria-hidden="true"
                  class="search icon"
                />
              </div>
            </div>
          </div>
          <div
            class="c__participant-list"
          >
            <div
              class="ui card c__participant-card"
            >
              <div
                class="content"
              >
                <div
                  class="header"
                >
                  <span
                    aria-label="Super User (super)"
                    class="ui medium text"
                    title="Super User (super)"
                  >
                    Super User
                  </span>
                   
                  <i
                    aria-hidden="true"
                    class="small icon chess queen"
                    style="margin-right: 0px; margin-bottom: 0.3em; margin-left: 0.25em; opacity: 0.25;"
                    title="Super"
                  />
                </div>
                <p
                  class="c__participant-completion__group"
                >
                  <span
                    class="c__participant-completion__subhed"
                  >
                    Last accessed
                  </span>
                  <time
                    datetime="2020-10-11T22:11:46.144Z"
                  >
                    3 months ago
                  </time>
                </p>
              </div>
              <div
                class="content"
              >
                <div
                  class="description c__participant-completion"
                >
                  <div
                    class="c__participant-status"
                  >
                    <i
                      aria-hidden="true"
                      class="circle icon primary"
                    />
                    <span
                      class="ui medium text"
                    >
                      In progress
                    </span>
                  </div>
                  <p
                    class="c__participant-completion__scenarios-completed"
                  >
                    <span>
                      0/1 
                    </span>
                    scenario completed
                  </p>
                </div>
              </div>
              <div
                class="content"
              >
                <button
                  class="ui large primary button c__participant-card__responses"
                  data-testid="view-participant-responses"
                >
                  View responses
                </button>
              </div>
            </div>
            <div
              class="ui card c__participant-card"
            >
              <div
                class="content"
              >
                <div
                  class="header"
                >
                  <span
                    aria-label="Facilitator User (facilitator)"
                    class="ui medium text"
                    title="Facilitator User (facilitator)"
                  >
                    Facilitator User
                  </span>
                   
                  <i
                    aria-hidden="true"
                    class="small icon chalkboard teacher"
                    style="margin-right: 0px; margin-bottom: 0.3em; margin-left: 0.25em; opacity: 0.25;"
                    title="Facilitator"
                  />
                </div>
                <p
                  class="c__participant-completion__group"
                >
                  <span
                    class="c__participant-completion__subhed"
                  >
                    Last accessed
                  </span>
                  <time
                    datetime="2020-10-11T22:11:46.144Z"
                  >
                    3 months ago
                  </time>
                </p>
              </div>
              <div
                class="content"
              >
                <div
                  class="description c__participant-completion"
                >
                  <div
                    class="c__participant-status"
                  >
                    <i
                      aria-hidden="true"
                      class="circle icon primary"
                    />
                    <span
                      class="ui medium text"
                    >
                      In progress
                    </span>
                  </div>
                  <p
                    class="c__participant-completion__scenarios-completed"
                  >
                    <span>
                      0/1 
                    </span>
                    scenario completed
                  </p>
                </div>
              </div>
              <div
                class="content"
              >
                <button
                  class="ui large primary button c__participant-card__responses"
                  data-testid="view-participant-responses"
                >
                  View responses
                </button>
              </div>
            </div>
            <div
              class="ui card c__participant-card"
            >
              <div
                class="content"
              >
                <div
                  class="header"
                >
                  <span
                    aria-label="Researcher User (researcher)"
                    class="ui medium text"
                    title="Researcher User (researcher)"
                  >
                    Researcher User
                  </span>
                   
                  <i
                    aria-hidden="true"
                    class="small icon user graduate"
                    style="margin-right: 0px; margin-bottom: 0.3em; margin-left: 0.25em; opacity: 0.25;"
                    title="Researcher"
                  />
                </div>
                <p
                  class="c__participant-completion__group"
                >
                  <span
                    class="c__participant-completion__subhed"
                  >
                    Last accessed
                  </span>
                  <time
                    datetime="2020-10-11T22:11:46.144Z"
                  >
                    3 months ago
                  </time>
                </p>
              </div>
              <div
                class="content"
              >
                <div
                  class="description c__participant-completion"
                >
                  <div
                    class="c__participant-status"
                  >
                    <i
                      aria-hidden="true"
                      class="circle icon primary"
                    />
                    <span
                      class="ui medium text"
                    >
                      In progress
                    </span>
                  </div>
                  <p
                    class="c__participant-completion__scenarios-completed"
                  >
                    <span>
                      0/1 
                    </span>
                    scenario completed
                  </p>
                </div>
              </div>
              <div
                class="content"
              >
                <button
                  class="ui large primary button c__participant-card__responses"
                  data-testid="view-participant-responses"
                >
                  View responses
                </button>
              </div>
            </div>
            <div
              class="ui card c__participant-card"
            >
              <div
                class="content"
              >
                <div
                  class="header"
                >
                  <span
                    aria-label="Participant User (participant)"
                    class="ui medium text"
                    title="Participant User (participant)"
                  >
                    Participant User
                  </span>
                   
                </div>
                <p
                  class="c__participant-completion__group"
                >
                  <span
                    class="c__participant-completion__subhed"
                  >
                    Last accessed
                  </span>
                  <time
                    datetime="2020-10-11T22:11:46.144Z"
                  >
                    3 months ago
                  </time>
                </p>
              </div>
              <div
                class="content"
              >
                <div
                  class="description c__participant-completion"
                >
                  <div
                    class="c__participant-status"
                  >
                    <i
                      aria-hidden="true"
                      class="circle icon primary"
                    />
                    <span
                      class="ui medium text"
                    >
                      In progress
                    </span>
                  </div>
                  <p
                    class="c__participant-completion__scenarios-completed"
                  >
                    <span>
                      0/1 
                    </span>
                    scenario completed
                  </p>
                </div>
              </div>
              <div
                class="content"
              >
                <button
                  class="ui large primary button c__participant-card__responses"
                  data-testid="view-participant-responses"
                >
                  View responses
                </button>
              </div>
            </div>
            <div
              class="ui card c__participant-card"
            >
              <div
                class="content"
              >
                <div
                  class="header"
                >
                  <span
                    aria-label="anonymous"
                    class="ui medium text"
                    title="anonymous"
                  >
                    anonymous
                  </span>
                   
                </div>
                <p
                  class="c__participant-completion__group"
                >
                  <span
                    class="c__participant-completion__subhed"
                  >
                    Last accessed
                  </span>
                  <time
                    datetime="2020-10-11T22:11:46.144Z"
                  >
                    3 months ago
                  </time>
                </p>
              </div>
              <div
                class="content"
              >
                <div
                  class="description c__participant-completion"
                >
                  <div
                    class="c__participant-status"
                  >
                    <i
                      aria-hidden="true"
                      class="circle icon primary"
                    />
                    <span
                      class="ui medium text"
                    >
                      In progress
                    </span>
                  </div>
                  <p
                    class="c__participant-completion__scenarios-completed"
                  >
                    <span>
                      0/1 
                    </span>
                    scenario completed
                  </p>
                </div>
              </div>
              <div
                class="content"
              >
                <button
                  class="ui large primary button c__participant-card__responses"
                  data-testid="view-participant-responses"
                >
                  View responses
                </button>
              </div>
            </div>
          </div>
          <div
            data-testid="cohort-progress"
          />
        </div>
      </section>
    </div>
    <div
      data-testid="cohort-boundary-bottom"
      hidden=""
      id="boundary-bottom"
      style="background-color: red; height: 1px; width: 100vw; z-index: 9007199254740991;"
    />
  </div>
</DocumentFragment>
`;

exports[`Render 2 1 1`] = `
<DocumentFragment>
  <div
    aria-busy="true"
    aria-live="polite"
    class="ui card loading__single-card"
    role="status"
    style="width: 100%; height: 90%;"
  >
    <div
      aria-hidden="true"
      class="content loading__content"
    >
      <div
        class="ui placeholder"
      >
        <div
          class="square image"
        />
      </div>
    </div>
  </div>
</DocumentFragment>
`;

exports[`Render 2 1 3`] = `
<DocumentFragment>
  <div>
    <div
      class="ui top attached tabular c__tab-menu--overflow menu"
    >
      <a
        class="active item"
        tabindex="0"
      >
        A New Cohort That Exists Within Inline Props
      </a>
    </div>
    <div
      class="ui bottom attached segment"
    >
      <section
        class="c__section c__cohort-header"
      >
        <div
          class="c__cohort-url"
        >
          <div
            class="ui big labeled input"
          >
            <div
              class="ui label label"
            >
              Copy cohort url
            </div>
            <input
              type="text"
              value="http://localhost/cohort/1"
            />
          </div>
           
          <button
            class="ui small button"
          >
            <i
              aria-hidden="true"
              class="clipboard outline icon primary"
            />
            Copy cohort link to clipboard
          </button>
        </div>
        <div
          class="c__cohort-user-actions"
        >
          <div
            class="c__activation-state"
          >
            <p
              class="c__activation-state__display"
            >
              Cohort is 
              <span>
                Active
              </span>
            </p>
            <button
              class="ui small button"
            >
              <i
                aria-hidden="true"
                class="archive icon primary"
              />
              Archive cohort
            </button>
          </div>
          <button
            class="ui small button"
          >
            <i
              aria-hidden="true"
              class="edit icon primary"
            />
            Rename cohort
          </button>
          <button
            class="ui small button"
          >
            <i
              aria-hidden="true"
              class="trash alternate outline icon primary"
            />
            Delete cohort
          </button>
        </div>
      </section>
      <section
        class="c__section"
      >
        <h2
          class="ui header"
        >
          Cohort scenarios
        </h2>
        <div>
          <button
            authority="[object Object]"
            id="1"
          >
            @components/Cohorts/CohortScenarios
          </button>
        </div>
      </section>
      <section
        class="c__section"
      >
        <h2
          class="ui header"
        >
          Cohort progress
        </h2>
        <h3
          class="ui header"
        >
          Track participant progress and responses to selected scenarios
        </h3>
        <div
          class="ui fluid container c__scenario-container"
        >
          <div
            class="ui stackable two column grid c__scenario-participant-header"
          >
            <div
              class="six wide column"
            >
              <p
                class="c__scenario-header-num"
              >
                <span>
                  0/5
                </span>
                 participants have completed all scenarios
              </p>
              <button
                aria-label="Manage participants"
                class="ui tiny button"
              >
                Manage participants
              </button>
            </div>
            <div
              class="ten wide column c__scenario-search-participants"
            >
              <div
                class="ui big icon labeled input grid__menu-search"
              >
                <div
                  class="ui label label"
                >
                  Search participants
                </div>
                <input
                  aria-label="Search participants"
                  type="text"
                />
                <i
                  aria-hidden="true"
                  class="search icon"
                />
              </div>
            </div>
          </div>
          <div
            class="c__participant-list"
          >
            <div
              class="ui card c__participant-card"
            >
              <div
                class="content"
              >
                <div
                  class="header"
                >
                  <span
                    aria-label="Super User (super)"
                    class="ui medium text"
                    title="Super User (super)"
                  >
                    Super User
                  </span>
                   
                  <i
                    aria-hidden="true"
                    class="small icon chess queen"
                    style="margin-right: 0px; margin-bottom: 0.3em; margin-left: 0.25em; opacity: 0.25;"
                    title="Super"
                  />
                </div>
                <p
                  class="c__participant-completion__group"
                >
                  <span
                    class="c__participant-completion__subhed"
                  >
                    Last accessed
                  </span>
                  <time
                    datetime="2020-10-11T22:11:46.144Z"
                  >
                    3 months ago
                  </time>
                </p>
              </div>
              <div
                class="content"
              >
                <div
                  class="description c__participant-completion"
                >
                  <div
                    class="c__participant-status"
                  >
                    <i
                      aria-hidden="true"
                      class="circle icon primary"
                    />
                    <span
                      class="ui medium text"
                    >
                      In progress
                    </span>
                  </div>
                  <p
                    class="c__participant-completion__scenarios-completed"
                  >
                    <span>
                      0/1 
                    </span>
                    scenario completed
                  </p>
                </div>
              </div>
              <div
                class="content"
              >
                <button
                  class="ui large primary button c__participant-card__responses"
                  data-testid="view-participant-responses"
                >
                  View responses
                </button>
              </div>
            </div>
            <div
              class="ui card c__participant-card"
            >
              <div
                class="content"
              >
                <div
                  class="header"
                >
                  <span
                    aria-label="Facilitator User (facilitator)"
                    class="ui medium text"
                    title="Facilitator User (facilitator)"
                  >
                    Facilitator User
                  </span>
                   
                  <i
                    aria-hidden="true"
                    class="small icon chalkboard teacher"
                    style="margin-right: 0px; margin-bottom: 0.3em; margin-left: 0.25em; opacity: 0.25;"
                    title="Facilitator"
                  />
                </div>
                <p
                  class="c__participant-completion__group"
                >
                  <span
                    class="c__participant-completion__subhed"
                  >
                    Last accessed
                  </span>
                  <time
                    datetime="2020-10-11T22:11:46.144Z"
                  >
                    3 months ago
                  </time>
                </p>
              </div>
              <div
                class="content"
              >
                <div
                  class="description c__participant-completion"
                >
                  <div
                    class="c__participant-status"
                  >
                    <i
                      aria-hidden="true"
                      class="circle icon primary"
                    />
                    <span
                      class="ui medium text"
                    >
                      In progress
                    </span>
                  </div>
                  <p
                    class="c__participant-completion__scenarios-completed"
                  >
                    <span>
                      0/1 
                    </span>
                    scenario completed
                  </p>
                </div>
              </div>
              <div
                class="content"
              >
                <button
                  class="ui large primary button c__participant-card__responses"
                  data-testid="view-participant-responses"
                >
                  View responses
                </button>
              </div>
            </div>
            <div
              class="ui card c__participant-card"
            >
              <div
                class="content"
              >
                <div
                  class="header"
                >
                  <span
                    aria-label="Researcher User (researcher)"
                    class="ui medium text"
                    title="Researcher User (researcher)"
                  >
                    Researcher User
                  </span>
                   
                  <i
                    aria-hidden="true"
                    class="small icon user graduate"
                    style="margin-right: 0px; margin-bottom: 0.3em; margin-left: 0.25em; opacity: 0.25;"
                    title="Researcher"
                  />
                </div>
                <p
                  class="c__participant-completion__group"
                >
                  <span
                    class="c__participant-completion__subhed"
                  >
                    Last accessed
                  </span>
                  <time
                    datetime="2020-10-11T22:11:46.144Z"
                  >
                    3 months ago
                  </time>
                </p>
              </div>
              <div
                class="content"
              >
                <div
                  class="description c__participant-completion"
                >
                  <div
                    class="c__participant-status"
                  >
                    <i
                      aria-hidden="true"
                      class="circle icon primary"
                    />
                    <span
                      class="ui medium text"
                    >
                      In progress
                    </span>
                  </div>
                  <p
                    class="c__participant-completion__scenarios-completed"
                  >
                    <span>
                      0/1 
                    </span>
                    scenario completed
                  </p>
                </div>
              </div>
              <div
                class="content"
              >
                <button
                  class="ui large primary button c__participant-card__responses"
                  data-testid="view-participant-responses"
                >
                  View responses
                </button>
              </div>
            </div>
            <div
              class="ui card c__participant-card"
            >
              <div
                class="content"
              >
                <div
                  class="header"
                >
                  <span
                    aria-label="Participant User (participant)"
                    class="ui medium text"
                    title="Participant User (participant)"
                  >
                    Participant User
                  </span>
                   
                </div>
                <p
                  class="c__participant-completion__group"
                >
                  <span
                    class="c__participant-completion__subhed"
                  >
                    Last accessed
                  </span>
                  <time
                    datetime="2020-10-11T22:11:46.144Z"
                  >
                    3 months ago
                  </time>
                </p>
              </div>
              <div
                class="content"
              >
                <div
                  class="description c__participant-completion"
                >
                  <div
                    class="c__participant-status"
                  >
                    <i
                      aria-hidden="true"
                      class="circle icon primary"
                    />
                    <span
                      class="ui medium text"
                    >
                      In progress
                    </span>
                  </div>
                  <p
                    class="c__participant-completion__scenarios-completed"
                  >
                    <span>
                      0/1 
                    </span>
                    scenario completed
                  </p>
                </div>
              </div>
              <div
                class="content"
              >
                <button
                  class="ui large primary button c__participant-card__responses"
                  data-testid="view-participant-responses"
                >
                  View responses
                </button>
              </div>
            </div>
            <div
              class="ui card c__participant-card"
            >
              <div
                class="content"
              >
                <div
                  class="header"
                >
                  <span
                    aria-label="anonymous"
                    class="ui medium text"
                    title="anonymous"
                  >
                    anonymous
                  </span>
                   
                </div>
                <p
                  class="c__participant-completion__group"
                >
                  <span
                    class="c__participant-completion__subhed"
                  >
                    Last accessed
                  </span>
                  <time
                    datetime="2020-10-11T22:11:46.144Z"
                  >
                    3 months ago
                  </time>
                </p>
              </div>
              <div
                class="content"
              >
                <div
                  class="description c__participant-completion"
                >
                  <div
                    class="c__participant-status"
                  >
                    <i
                      aria-hidden="true"
                      class="circle icon primary"
                    />
                    <span
                      class="ui medium text"
                    >
                      In progress
                    </span>
                  </div>
                  <p
                    class="c__participant-completion__scenarios-completed"
                  >
                    <span>
                      0/1 
                    </span>
                    scenario completed
                  </p>
                </div>
              </div>
              <div
                class="content"
              >
                <button
                  class="ui large primary button c__participant-card__responses"
                  data-testid="view-participant-responses"
                >
                  View responses
                </button>
              </div>
            </div>
          </div>
          <div
            data-testid="cohort-progress"
          />
        </div>
      </section>
    </div>
    <div
      data-testid="cohort-boundary-bottom"
      hidden=""
      id="boundary-bottom"
      style="background-color: red; height: 1px; width: 100vw; z-index: 9007199254740991;"
    />
  </div>
</DocumentFragment>
`;

exports[`Render 3 1 1`] = `
<DocumentFragment>
  <div
    aria-busy="true"
    aria-live="polite"
    class="ui card loading__single-card"
    role="status"
    style="width: 100%; height: 90%;"
  >
    <div
      aria-hidden="true"
      class="content loading__content"
    >
      <div
        class="ui placeholder"
      >
        <div
          class="square image"
        />
      </div>
    </div>
  </div>
</DocumentFragment>
`;

exports[`Render 3 1 3`] = `
<DocumentFragment>
  <div>
    <div
      class="ui top attached tabular c__tab-menu--overflow menu"
    >
      <a
        class="active item"
        tabindex="0"
      >
        A New Cohort That Exists Within Inline Props
      </a>
    </div>
    <div
      class="ui bottom attached segment"
    >
      <section
        class="c__section c__cohort-header"
      >
        <div
          class="c__cohort-url"
        >
          <div
            class="ui big labeled input"
          >
            <div
              class="ui label label"
            >
              Copy cohort url
            </div>
            <input
              type="text"
              value="http://localhost/cohort/1"
            />
          </div>
           
          <button
            class="ui small button"
          >
            <i
              aria-hidden="true"
              class="clipboard outline icon primary"
            />
            Copy cohort link to clipboard
          </button>
        </div>
        <div
          class="c__cohort-user-actions"
        >
          <div
            class="c__activation-state"
          >
            <p
              class="c__activation-state__display"
            >
              Cohort is 
              <span>
                Active
              </span>
            </p>
            <button
              class="ui small button"
            >
              <i
                aria-hidden="true"
                class="archive icon primary"
              />
              Archive cohort
            </button>
          </div>
          <button
            class="ui small button"
          >
            <i
              aria-hidden="true"
              class="edit icon primary"
            />
            Rename cohort
          </button>
          <button
            class="ui small button"
          >
            <i
              aria-hidden="true"
              class="trash alternate outline icon primary"
            />
            Delete cohort
          </button>
        </div>
      </section>
      <section
        class="c__section"
      >
        <h2
          class="ui header"
        >
          Cohort scenarios
        </h2>
        <div>
          <button
            authority="[object Object]"
            id="1"
          >
            @components/Cohorts/CohortScenarios
          </button>
        </div>
      </section>
      <section
        class="c__section"
      >
        <h2
          class="ui header"
        >
          Cohort progress
        </h2>
        <h3
          class="ui header"
        >
          Track participant progress and responses to selected scenarios
        </h3>
        <div
          class="ui fluid container c__scenario-container"
        >
          <div
            class="ui stackable two column grid c__scenario-participant-header"
          >
            <div
              class="six wide column"
            >
              <p
                class="c__scenario-header-num"
              >
                <span>
                  0/5
                </span>
                 participants have completed all scenarios
              </p>
              <button
                aria-label="Manage participants"
                class="ui tiny button"
              >
                Manage participants
              </button>
            </div>
            <div
              class="ten wide column c__scenario-search-participants"
            >
              <div
                class="ui big icon labeled input grid__menu-search"
              >
                <div
                  class="ui label label"
                >
                  Search participants
                </div>
                <input
                  aria-label="Search participants"
                  type="text"
                />
                <i
                  aria-hidden="true"
                  class="search icon"
                />
              </div>
            </div>
          </div>
          <div
            class="c__participant-list"
          >
            <div
              class="ui card c__participant-card"
            >
              <div
                class="content"
              >
                <div
                  class="header"
                >
                  <span
                    aria-label="Super User (super)"
                    class="ui medium text"
                    title="Super User (super)"
                  >
                    Super User
                  </span>
                   
                  <i
                    aria-hidden="true"
                    class="small icon chess queen"
                    style="margin-right: 0px; margin-bottom: 0.3em; margin-left: 0.25em; opacity: 0.25;"
                    title="Super"
                  />
                </div>
                <p
                  class="c__participant-completion__group"
                >
                  <span
                    class="c__participant-completion__subhed"
                  >
                    Last accessed
                  </span>
                  <time
                    datetime="2020-10-11T22:11:46.144Z"
                  >
                    3 months ago
                  </time>
                </p>
              </div>
              <div
                class="content"
              >
                <div
                  class="description c__participant-completion"
                >
                  <div
                    class="c__participant-status"
                  >
                    <i
                      aria-hidden="true"
                      class="circle icon primary"
                    />
                    <span
                      class="ui medium text"
                    >
                      In progress
                    </span>
                  </div>
                  <p
                    class="c__participant-completion__scenarios-completed"
                  >
                    <span>
                      0/1 
                    </span>
                    scenario completed
                  </p>
                </div>
              </div>
              <div
                class="content"
              >
                <button
                  class="ui large primary button c__participant-card__responses"
                  data-testid="view-participant-responses"
                >
                  View responses
                </button>
              </div>
            </div>
            <div
              class="ui card c__participant-card"
            >
              <div
                class="content"
              >
                <div
                  class="header"
                >
                  <span
                    aria-label="Facilitator User (facilitator)"
                    class="ui medium text"
                    title="Facilitator User (facilitator)"
                  >
                    Facilitator User
                  </span>
                   
                  <i
                    aria-hidden="true"
                    class="small icon chalkboard teacher"
                    style="margin-right: 0px; margin-bottom: 0.3em; margin-left: 0.25em; opacity: 0.25;"
                    title="Facilitator"
                  />
                </div>
                <p
                  class="c__participant-completion__group"
                >
                  <span
                    class="c__participant-completion__subhed"
                  >
                    Last accessed
                  </span>
                  <time
                    datetime="2020-10-11T22:11:46.144Z"
                  >
                    3 months ago
                  </time>
                </p>
              </div>
              <div
                class="content"
              >
                <div
                  class="description c__participant-completion"
                >
                  <div
                    class="c__participant-status"
                  >
                    <i
                      aria-hidden="true"
                      class="circle icon primary"
                    />
                    <span
                      class="ui medium text"
                    >
                      In progress
                    </span>
                  </div>
                  <p
                    class="c__participant-completion__scenarios-completed"
                  >
                    <span>
                      0/1 
                    </span>
                    scenario completed
                  </p>
                </div>
              </div>
              <div
                class="content"
              >
                <button
                  class="ui large primary button c__participant-card__responses"
                  data-testid="view-participant-responses"
                >
                  View responses
                </button>
              </div>
            </div>
            <div
              class="ui card c__participant-card"
            >
              <div
                class="content"
              >
                <div
                  class="header"
                >
                  <span
                    aria-label="Researcher User (researcher)"
                    class="ui medium text"
                    title="Researcher User (researcher)"
                  >
                    Researcher User
                  </span>
                   
                  <i
                    aria-hidden="true"
                    class="small icon user graduate"
                    style="margin-right: 0px; margin-bottom: 0.3em; margin-left: 0.25em; opacity: 0.25;"
                    title="Researcher"
                  />
                </div>
                <p
                  class="c__participant-completion__group"
                >
                  <span
                    class="c__participant-completion__subhed"
                  >
                    Last accessed
                  </span>
                  <time
                    datetime="2020-10-11T22:11:46.144Z"
                  >
                    3 months ago
                  </time>
                </p>
              </div>
              <div
                class="content"
              >
                <div
                  class="description c__participant-completion"
                >
                  <div
                    class="c__participant-status"
                  >
                    <i
                      aria-hidden="true"
                      class="circle icon primary"
                    />
                    <span
                      class="ui medium text"
                    >
                      In progress
                    </span>
                  </div>
                  <p
                    class="c__participant-completion__scenarios-completed"
                  >
                    <span>
                      0/1 
                    </span>
                    scenario completed
                  </p>
                </div>
              </div>
              <div
                class="content"
              >
                <button
                  class="ui large primary button c__participant-card__responses"
                  data-testid="view-participant-responses"
                >
                  View responses
                </button>
              </div>
            </div>
            <div
              class="ui card c__participant-card"
            >
              <div
                class="content"
              >
                <div
                  class="header"
                >
                  <span
                    aria-label="Participant User (participant)"
                    class="ui medium text"
                    title="Participant User (participant)"
                  >
                    Participant User
                  </span>
                   
                </div>
                <p
                  class="c__participant-completion__group"
                >
                  <span
                    class="c__participant-completion__subhed"
                  >
                    Last accessed
                  </span>
                  <time
                    datetime="2020-10-11T22:11:46.144Z"
                  >
                    3 months ago
                  </time>
                </p>
              </div>
              <div
                class="content"
              >
                <div
                  class="description c__participant-completion"
                >
                  <div
                    class="c__participant-status"
                  >
                    <i
                      aria-hidden="true"
                      class="circle icon primary"
                    />
                    <span
                      class="ui medium text"
                    >
                      In progress
                    </span>
                  </div>
                  <p
                    class="c__participant-completion__scenarios-completed"
                  >
                    <span>
                      0/1 
                    </span>
                    scenario completed
                  </p>
                </div>
              </div>
              <div
                class="content"
              >
                <button
                  class="ui large primary button c__participant-card__responses"
                  data-testid="view-participant-responses"
                >
                  View responses
                </button>
              </div>
            </div>
            <div
              class="ui card c__participant-card"
            >
              <div
                class="content"
              >
                <div
                  class="header"
                >
                  <span
                    aria-label="anonymous"
                    class="ui medium text"
                    title="anonymous"
                  >
                    anonymous
                  </span>
                   
                </div>
                <p
                  class="c__participant-completion__group"
                >
                  <span
                    class="c__participant-completion__subhed"
                  >
                    Last accessed
                  </span>
                  <time
                    datetime="2020-10-11T22:11:46.144Z"
                  >
                    3 months ago
                  </time>
                </p>
              </div>
              <div
                class="content"
              >
                <div
                  class="description c__participant-completion"
                >
                  <div
                    class="c__participant-status"
                  >
                    <i
                      aria-hidden="true"
                      class="circle icon primary"
                    />
                    <span
                      class="ui medium text"
                    >
                      In progress
                    </span>
                  </div>
                  <p
                    class="c__participant-completion__scenarios-completed"
                  >
                    <span>
                      0/1 
                    </span>
                    scenario completed
                  </p>
                </div>
              </div>
              <div
                class="content"
              >
                <button
                  class="ui large primary button c__participant-card__responses"
                  data-testid="view-participant-responses"
                >
                  View responses
                </button>
              </div>
            </div>
          </div>
          <div
            data-testid="cohort-progress"
          />
        </div>
      </section>
    </div>
    <div
      data-testid="cohort-boundary-bottom"
      hidden=""
      id="boundary-bottom"
      style="background-color: red; height: 1px; width: 100vw; z-index: 9007199254740991;"
    />
  </div>
</DocumentFragment>
`;

exports[`Render 4 1 1`] = `
<DocumentFragment>
  <div
    aria-busy="true"
    aria-live="polite"
    class="ui card loading__single-card"
    role="status"
    style="width: 100%; height: 90%;"
  >
    <div
      aria-hidden="true"
      class="content loading__content"
    >
      <div
        class="ui placeholder"
      >
        <div
          class="square image"
        />
      </div>
    </div>
  </div>
</DocumentFragment>
`;

exports[`Render 4 1 3`] = `
<DocumentFragment>
  <div>
    <div
      class="ui top attached tabular c__tab-menu--overflow menu"
    >
      <a
        class="active item"
        tabindex="0"
      >
        A New Cohort That Exists In Bootstrap State For Testing
      </a>
    </div>
    <div
      class="ui bottom attached segment"
    >
      <section
        class="c__section"
      >
        <h2
          class="ui header"
        >
          Cohort scenarios
        </h2>
        <div>
          <button
            authority="[object Object]"
            id="2"
          >
            @components/Cohorts/CohortScenarios
          </button>
        </div>
      </section>
      <div>
        @components/Cohorts/DataTable
      </div>
    </div>
    <div
      data-testid="cohort-boundary-bottom"
      hidden=""
      id="boundary-bottom"
      style="background-color: red; height: 1px; width: 100vw; z-index: 9007199254740991;"
    />
  </div>
</DocumentFragment>
`;

exports[`Render 5 1 1`] = `
<DocumentFragment>
  <div
    aria-busy="true"
    aria-live="polite"
    class="ui card loading__single-card"
    role="status"
    style="width: 100%; height: 90%;"
  >
    <div
      aria-hidden="true"
      class="content loading__content"
    >
      <div
        class="ui placeholder"
      >
        <div
          class="square image"
        />
      </div>
    </div>
  </div>
</DocumentFragment>
`;

exports[`Render 5 1 3`] = `
<DocumentFragment>
  <div>
    <div
      class="ui top attached tabular c__tab-menu--overflow menu"
    >
      <a
        class="active item"
        tabindex="0"
      >
        A New Cohort That Exists In Bootstrap State For Testing
      </a>
    </div>
    <div
      class="ui bottom attached segment"
    >
      <section
        class="c__section"
      >
        <h2
          class="ui header"
        >
          Cohort scenarios
        </h2>
        <div>
          <button
            authority="[object Object]"
            id="2"
          >
            @components/Cohorts/CohortScenarios
          </button>
        </div>
      </section>
      <div>
        @components/Cohorts/DataTable
      </div>
    </div>
    <div
      data-testid="cohort-boundary-bottom"
      hidden=""
      id="boundary-bottom"
      style="background-color: red; height: 1px; width: 100vw; z-index: 9007199254740991;"
    />
  </div>
</DocumentFragment>
`;

exports[`Render 6 1 1`] = `
<DocumentFragment>
  <div
    aria-busy="true"
    aria-live="polite"
    class="ui card loading__single-card"
    role="status"
    style="width: 100%; height: 90%;"
  >
    <div
      aria-hidden="true"
      class="content loading__content"
    >
      <div
        class="ui placeholder"
      >
        <div
          class="square image"
        />
      </div>
    </div>
  </div>
</DocumentFragment>
`;

exports[`Render 6 1 3`] = `
<DocumentFragment>
  <div>
    <div
      class="ui top attached tabular c__tab-menu--overflow menu"
    >
      <a
        class="active item"
        tabindex="0"
      >
        A New Cohort That Exists In Bootstrap State For Testing
      </a>
    </div>
    <div
      class="ui bottom attached segment"
    >
      <section
        class="c__section"
      >
        <h2
          class="ui header"
        >
          Cohort scenarios
        </h2>
        <div>
          <button
            authority="[object Object]"
            id="2"
          >
            @components/Cohorts/CohortScenarios
          </button>
        </div>
      </section>
      <div>
        @components/Cohorts/DataTable
      </div>
    </div>
    <div
      data-testid="cohort-boundary-bottom"
      hidden=""
      id="boundary-bottom"
      style="background-color: red; height: 1px; width: 100vw; z-index: 9007199254740991;"
    />
  </div>
</DocumentFragment>
`;

exports[`Render 7 1 1`] = `
<DocumentFragment>
  <div
    aria-busy="true"
    aria-live="polite"
    class="ui card loading__single-card"
    role="status"
    style="width: 100%; height: 90%;"
  >
    <div
      aria-hidden="true"
      class="content loading__content"
    >
      <div
        class="ui placeholder"
      >
        <div
          class="square image"
        />
      </div>
    </div>
  </div>
</DocumentFragment>
`;

exports[`Render 7 1 3`] = `
<DocumentFragment>
  <div>
    <div
      class="ui top attached tabular c__tab-menu--overflow menu"
    >
      <a
        class="active item"
        tabindex="0"
      >
        A New Cohort That Exists In Bootstrap State For Testing
      </a>
    </div>
    <div
      class="ui bottom attached segment"
    >
      <section
        class="c__section"
      >
        <h2
          class="ui header"
        >
          Cohort scenarios
        </h2>
        <div>
          <button
            authority="[object Object]"
            id="2"
          >
            @components/Cohorts/CohortScenarios
          </button>
        </div>
      </section>
      <div>
        @components/Cohorts/DataTable
      </div>
    </div>
    <div
      data-testid="cohort-boundary-bottom"
      hidden=""
      id="boundary-bottom"
      style="background-color: red; height: 1px; width: 100vw; z-index: 9007199254740991;"
    />
  </div>
</DocumentFragment>
`;

exports[`Render 8 1 1`] = `
<DocumentFragment>
  <div
    aria-busy="true"
    aria-live="polite"
    class="ui card loading__single-card"
    role="status"
    style="width: 100%; height: 90%;"
  >
    <div
      aria-hidden="true"
      class="content loading__content"
    >
      <div
        class="ui placeholder"
      >
        <div
          class="square image"
        />
      </div>
    </div>
  </div>
</DocumentFragment>
`;

exports[`Render 8 1 3`] = `
<DocumentFragment>
  <div>
    <div
      class="ui top attached tabular c__tab-menu--overflow menu"
    >
      <a
        class="active item"
        tabindex="0"
      >
        A New Cohort That Exists In Bootstrap State For Testing
      </a>
    </div>
    <div
      class="ui bottom attached segment"
    >
      <section
        class="c__section"
      >
        <h2
          class="ui header"
        >
          Cohort scenarios
        </h2>
        <div>
          <button
            authority="[object Object]"
            id="2"
          >
            @components/Cohorts/CohortScenarios
          </button>
        </div>
      </section>
      <div>
        @components/Cohorts/DataTable
      </div>
    </div>
    <div
      data-testid="cohort-boundary-bottom"
      hidden=""
      id="boundary-bottom"
      style="background-color: red; height: 1px; width: 100vw; z-index: 9007199254740991;"
    />
  </div>
</DocumentFragment>
`;

exports[`Render 9 1 1`] = `
<DocumentFragment>
  <div
    aria-busy="true"
    aria-live="polite"
    class="ui card loading__single-card"
    role="status"
    style="width: 100%; height: 90%;"
  >
    <div
      aria-hidden="true"
      class="content loading__content"
    >
      <div
        class="ui placeholder"
      >
        <div
          class="square image"
        />
      </div>
    </div>
  </div>
</DocumentFragment>
`;

exports[`Render 9 1 3`] = `
<DocumentFragment>
  <div>
    <div
      class="ui top attached tabular c__tab-menu--overflow menu"
    >
      <a
        class="active item"
        tabindex="0"
      >
        A New Cohort That Exists Within Inline Props
      </a>
    </div>
    <div
      class="ui bottom attached segment"
    >
      <section
        class="c__section c__cohort-header"
      >
        <div
          class="c__cohort-url"
        >
          <div
            class="ui big labeled input"
          >
            <div
              class="ui label label"
            >
              Copy cohort url
            </div>
            <input
              type="text"
              value="http://localhost/cohort/1"
            />
          </div>
           
          <button
            class="ui small button"
          >
            <i
              aria-hidden="true"
              class="clipboard outline icon primary"
            />
            Copy cohort link to clipboard
          </button>
        </div>
        <div
          class="c__cohort-user-actions"
        >
          <div
            class="c__activation-state"
          >
            <p
              class="c__activation-state__display"
            >
              Cohort is 
              <span>
                Active
              </span>
            </p>
            <button
              class="ui small button"
            >
              <i
                aria-hidden="true"
                class="archive icon primary"
              />
              Archive cohort
            </button>
          </div>
          <button
            class="ui small button"
          >
            <i
              aria-hidden="true"
              class="edit icon primary"
            />
            Rename cohort
          </button>
          <button
            class="ui small button"
          >
            <i
              aria-hidden="true"
              class="trash alternate outline icon primary"
            />
            Delete cohort
          </button>
        </div>
      </section>
      <section
        class="c__section"
      >
        <h2
          class="ui header"
        >
          Cohort scenarios
        </h2>
        <div>
          <button
            authority="[object Object]"
            id="1"
          >
            @components/Cohorts/CohortScenarios
          </button>
        </div>
      </section>
      <section
        class="c__section"
      >
        <h2
          class="ui header"
        >
          Cohort progress
        </h2>
        <h3
          class="ui header"
        >
          Track participant progress and responses to selected scenarios
        </h3>
        <div
          class="ui fluid container c__scenario-container"
        >
          <div
            class="ui stackable two column grid c__scenario-participant-header"
          >
            <div
              class="six wide column"
            >
              <p
                class="c__scenario-header-num"
              >
                <span>
                  0/5
                </span>
                 participants have completed all scenarios
              </p>
              <button
                aria-label="Manage participants"
                class="ui tiny button"
              >
                Manage participants
              </button>
            </div>
            <div
              class="ten wide column c__scenario-search-participants"
            >
              <div
                class="ui big icon labeled input grid__menu-search"
              >
                <div
                  class="ui label label"
                >
                  Search participants
                </div>
                <input
                  aria-label="Search participants"
                  type="text"
                />
                <i
                  aria-hidden="true"
                  class="search icon"
                />
              </div>
            </div>
          </div>
          <div
            class="c__participant-list"
          >
            <div
              class="ui card c__participant-card"
            >
              <div
                class="content"
              >
                <div
                  class="header"
                >
                  <span
                    aria-label="Super User (super)"
                    class="ui medium text"
                    title="Super User (super)"
                  >
                    Super User
                  </span>
                   
                  <i
                    aria-hidden="true"
                    class="small icon chess queen"
                    style="margin-right: 0px; margin-bottom: 0.3em; margin-left: 0.25em; opacity: 0.25;"
                    title="Super"
                  />
                </div>
                <p
                  class="c__participant-completion__group"
                >
                  <span
                    class="c__participant-completion__subhed"
                  >
                    Last accessed
                  </span>
                  <time
                    datetime="2020-10-11T22:11:46.144Z"
                  >
                    3 months ago
                  </time>
                </p>
              </div>
              <div
                class="content"
              >
                <div
                  class="description c__participant-completion"
                >
                  <div
                    class="c__participant-status"
                  >
                    <i
                      aria-hidden="true"
                      class="circle icon primary"
                    />
                    <span
                      class="ui medium text"
                    >
                      In progress
                    </span>
                  </div>
                  <p
                    class="c__participant-completion__scenarios-completed"
                  >
                    <span>
                      0/1 
                    </span>
                    scenario completed
                  </p>
                </div>
              </div>
              <div
                class="content"
              >
                <button
                  class="ui large primary button c__participant-card__responses"
                  data-testid="view-participant-responses"
                >
                  View responses
                </button>
              </div>
            </div>
            <div
              class="ui card c__participant-card"
            >
              <div
                class="content"
              >
                <div
                  class="header"
                >
                  <span
                    aria-label="Facilitator User (facilitator)"
                    class="ui medium text"
                    title="Facilitator User (facilitator)"
                  >
                    Facilitator User
                  </span>
                   
                  <i
                    aria-hidden="true"
                    class="small icon chalkboard teacher"
                    style="margin-right: 0px; margin-bottom: 0.3em; margin-left: 0.25em; opacity: 0.25;"
                    title="Facilitator"
                  />
                </div>
                <p
                  class="c__participant-completion__group"
                >
                  <span
                    class="c__participant-completion__subhed"
                  >
                    Last accessed
                  </span>
                  <time
                    datetime="2020-10-11T22:11:46.144Z"
                  >
                    3 months ago
                  </time>
                </p>
              </div>
              <div
                class="content"
              >
                <div
                  class="description c__participant-completion"
                >
                  <div
                    class="c__participant-status"
                  >
                    <i
                      aria-hidden="true"
                      class="circle icon primary"
                    />
                    <span
                      class="ui medium text"
                    >
                      In progress
                    </span>
                  </div>
                  <p
                    class="c__participant-completion__scenarios-completed"
                  >
                    <span>
                      0/1 
                    </span>
                    scenario completed
                  </p>
                </div>
              </div>
              <div
                class="content"
              >
                <button
                  class="ui large primary button c__participant-card__responses"
                  data-testid="view-participant-responses"
                >
                  View responses
                </button>
              </div>
            </div>
            <div
              class="ui card c__participant-card"
            >
              <div
                class="content"
              >
                <div
                  class="header"
                >
                  <span
                    aria-label="Researcher User (researcher)"
                    class="ui medium text"
                    title="Researcher User (researcher)"
                  >
                    Researcher User
                  </span>
                   
                  <i
                    aria-hidden="true"
                    class="small icon user graduate"
                    style="margin-right: 0px; margin-bottom: 0.3em; margin-left: 0.25em; opacity: 0.25;"
                    title="Researcher"
                  />
                </div>
                <p
                  class="c__participant-completion__group"
                >
                  <span
                    class="c__participant-completion__subhed"
                  >
                    Last accessed
                  </span>
                  <time
                    datetime="2020-10-11T22:11:46.144Z"
                  >
                    3 months ago
                  </time>
                </p>
              </div>
              <div
                class="content"
              >
                <div
                  class="description c__participant-completion"
                >
                  <div
                    class="c__participant-status"
                  >
                    <i
                      aria-hidden="true"
                      class="circle icon primary"
                    />
                    <span
                      class="ui medium text"
                    >
                      In progress
                    </span>
                  </div>
                  <p
                    class="c__participant-completion__scenarios-completed"
                  >
                    <span>
                      0/1 
                    </span>
                    scenario completed
                  </p>
                </div>
              </div>
              <div
                class="content"
              >
                <button
                  class="ui large primary button c__participant-card__responses"
                  data-testid="view-participant-responses"
                >
                  View responses
                </button>
              </div>
            </div>
            <div
              class="ui card c__participant-card"
            >
              <div
                class="content"
              >
                <div
                  class="header"
                >
                  <span
                    aria-label="Participant User (participant)"
                    class="ui medium text"
                    title="Participant User (participant)"
                  >
                    Participant User
                  </span>
                   
                </div>
                <p
                  class="c__participant-completion__group"
                >
                  <span
                    class="c__participant-completion__subhed"
                  >
                    Last accessed
                  </span>
                  <time
                    datetime="2020-10-11T22:11:46.144Z"
                  >
                    3 months ago
                  </time>
                </p>
              </div>
              <div
                class="content"
              >
                <div
                  class="description c__participant-completion"
                >
                  <div
                    class="c__participant-status"
                  >
                    <i
                      aria-hidden="true"
                      class="circle icon primary"
                    />
                    <span
                      class="ui medium text"
                    >
                      In progress
                    </span>
                  </div>
                  <p
                    class="c__participant-completion__scenarios-completed"
                  >
                    <span>
                      0/1 
                    </span>
                    scenario completed
                  </p>
                </div>
              </div>
              <div
                class="content"
              >
                <button
                  class="ui large primary button c__participant-card__responses"
                  data-testid="view-participant-responses"
                >
                  View responses
                </button>
              </div>
            </div>
            <div
              class="ui card c__participant-card"
            >
              <div
                class="content"
              >
                <div
                  class="header"
                >
                  <span
                    aria-label="anonymous"
                    class="ui medium text"
                    title="anonymous"
                  >
                    anonymous
                  </span>
                   
                </div>
                <p
                  class="c__participant-completion__group"
                >
                  <span
                    class="c__participant-completion__subhed"
                  >
                    Last accessed
                  </span>
                  <time
                    datetime="2020-10-11T22:11:46.144Z"
                  >
                    3 months ago
                  </time>
                </p>
              </div>
              <div
                class="content"
              >
                <div
                  class="description c__participant-completion"
                >
                  <div
                    class="c__participant-status"
                  >
                    <i
                      aria-hidden="true"
                      class="circle icon primary"
                    />
                    <span
                      class="ui medium text"
                    >
                      In progress
                    </span>
                  </div>
                  <p
                    class="c__participant-completion__scenarios-completed"
                  >
                    <span>
                      0/1 
                    </span>
                    scenario completed
                  </p>
                </div>
              </div>
              <div
                class="content"
              >
                <button
                  class="ui large primary button c__participant-card__responses"
                  data-testid="view-participant-responses"
                >
                  View responses
                </button>
              </div>
            </div>
          </div>
          <div
            data-testid="cohort-progress"
          />
        </div>
      </section>
    </div>
    <div
      data-testid="cohort-boundary-bottom"
      hidden=""
      id="boundary-bottom"
      style="background-color: red; height: 1px; width: 100vw; z-index: 9007199254740991;"
    />
  </div>
</DocumentFragment>
`;

exports[`Render: Mock CohortScenarios 1`] = `
<DocumentFragment>
  <div
    aria-busy="true"
    aria-live="polite"
    class="ui card loading__single-card"
    role="status"
    style="width: 100%; height: 90%;"
  >
    <div
      aria-hidden="true"
      class="content loading__content"
    >
      <div
        class="ui placeholder"
      >
        <div
          class="square image"
        />
      </div>
    </div>
  </div>
</DocumentFragment>
`;

exports[`Render: Mock CohortScenarios 3`] = `
<DocumentFragment>
  <div
    aria-busy="true"
    aria-live="polite"
    class="ui card loading__single-card"
    role="status"
    style="width: 100%; height: 90%;"
  >
    <div
      aria-hidden="true"
      class="content loading__content"
    >
      <div
        class="ui placeholder"
      >
        <div
          class="square image"
        />
      </div>
    </div>
  </div>
</DocumentFragment>
`;

exports[`Render: Mock CohortScenarios 4`] = `
<DocumentFragment>
  <div>
    <div
      class="ui top attached tabular c__tab-menu--overflow menu"
    >
      <a
        class="active item"
        tabindex="0"
      >
        A New Cohort That Exists In Bootstrap State For Testing
      </a>
    </div>
    <div
      class="ui bottom attached segment"
    >
      <section
        class="c__section"
      >
        <h2
          class="ui header"
        >
          Cohort scenarios
        </h2>
        <div>
          <button
            authority="[object Object]"
            id="2"
          >
            @components/Cohorts/CohortScenarios
          </button>
        </div>
      </section>
      <div>
        @components/Cohorts/DataTable
      </div>
    </div>
    <div
      data-testid="cohort-boundary-bottom"
      hidden=""
      id="boundary-bottom"
      style="background-color: red; height: 1px; width: 100vw; z-index: 9007199254740991;"
    />
  </div>
</DocumentFragment>
`;

exports[`Render: Mock CohortScenarios 5`] = `
<DocumentFragment>
  <div>
    <div
      class="ui top attached tabular c__tab-menu--overflow menu"
    >
      <a
        class="item"
        tabindex="0"
      >
        A New Cohort That Exists In Bootstrap State For Testing
      </a>
      <a
        class="active item"
        tabindex="0"
      >
        <i
          aria-hidden="true"
          class="content icon"
        />
        Cohort 2 Scenario Null
      </a>
    </div>
    <div
      class="ui bottom attached segment"
    >
      <div>
        @components/Cohorts/DataTable
      </div>
    </div>
    <div
      data-testid="cohort-boundary-bottom"
      hidden=""
      id="boundary-bottom"
      style="background-color: red; height: 1px; width: 100vw; z-index: 9007199254740991;"
    />
  </div>
</DocumentFragment>
`;

exports[`Render: user missing, direct to /logout 1`] = `
<DocumentFragment>
  <div
    aria-busy="true"
    aria-live="polite"
    class="ui card loading__single-card"
    role="status"
    style="width: 100%; height: 90%;"
  >
    <div
      aria-hidden="true"
      class="content loading__content"
    >
      <div
        class="ui placeholder"
      >
        <div
          class="square image"
        />
      </div>
    </div>
  </div>
</DocumentFragment>
`;

exports[`Render: user missing, direct to /logout 3`] = `
<DocumentFragment>
  <div
    aria-busy="true"
    aria-live="polite"
    class="ui card loading__single-card"
    role="status"
    style="width: 100%; height: 90%;"
  >
    <div
      aria-hidden="true"
      class="content loading__content"
    >
      <div
        class="ui placeholder"
      >
        <div
          class="square image"
        />
      </div>
    </div>
  </div>
</DocumentFragment>
`;

exports[`Render: user missing, direct to /logout 4`] = `
<DocumentFragment>
  <div
    aria-busy="true"
    aria-live="polite"
    class="ui card loading__single-card"
    role="status"
    style="width: 100%; height: 90%;"
  >
    <div
      aria-hidden="true"
      class="content loading__content"
    >
      <div
        class="ui placeholder"
      >
        <div
          class="square image"
        />
      </div>
    </div>
  </div>
</DocumentFragment>
`;
