// Jest Snapshot v1, https://goo.gl/fbAQLP

exports[`Render 1 1 1`] = `
"<body
  class=\\"dimmable dimmed\\"
>
  <div
    aria-hidden=\\"true\\"
    id=\\"root\\"
  />
  <div />
  <div
    class=\\"ui page modals dimmer transition visible active\\"
    style=\\"display: flex;\\"
  >
    <div
      aria-labelledby=\\"create-a-new-user-account\\"
      aria-modal=\\"true\\"
      class=\\"ui small modal transition visible active\\"
      role=\\"dialog\\"
    >
      <i
        aria-hidden=\\"true\\"
        class=\\"close icon\\"
      />
      <div
        class=\\"ui header\\"
        id=\\"create-a-new-user-account\\"
      >
        <i
          aria-hidden=\\"true\\"
          class=\\"user outline icon\\"
        />
        <div
          class=\\"content\\"
        >
          Create a new user account
        </div>
      </div>
      <div
        class=\\"content\\"
      >
        <form
          class=\\"ui form\\"
        >
          <div
            class=\\"field\\"
          >
            <div
              class=\\"required field\\"
            >
              <label>
                Username:
              </label>
              <div
                class=\\"ui input\\"
              >
                <input
                  autocomplete=\\"off\\"
                  name=\\"username\\"
                  required=\\"\\"
                  type=\\"text\\"
                  value=\\"\\"
                />
              </div>
            </div>
          </div>
          <div
            class=\\"field\\"
          >
            <div
              class=\\"field\\"
            >
              <label>
                Email address:
              </label>
              <div
                class=\\"ui input\\"
              >
                <input
                  autocomplete=\\"email\\"
                  name=\\"email\\"
                  placeholder=\\"(Optional)\\"
                  type=\\"text\\"
                  value=\\"\\"
                />
              </div>
            </div>
          </div>
          <div
            class=\\"field\\"
          >
            <div
              class=\\"required field\\"
            >
              <label>
                Password:
              </label>
              <div
                class=\\"ui input\\"
              >
                <input
                  autocomplete=\\"new-password\\"
                  name=\\"password\\"
                  required=\\"\\"
                  type=\\"password\\"
                  value=\\"\\"
                />
              </div>
            </div>
          </div>
          <div
            class=\\"field\\"
          >
            <div
              class=\\"required field\\"
            >
              <label>
                Confirm password:
              </label>
              <div
                class=\\"ui input\\"
              >
                <input
                  autocomplete=\\"new-password\\"
                  name=\\"confirmPassword\\"
                  required=\\"\\"
                  type=\\"password\\"
                  value=\\"\\"
                />
              </div>
            </div>
          </div>
        </form>
      </div>
      <div
        class=\\"actions\\"
      >
        <div
          class=\\"ui grid\\"
        >
          <div
            class=\\"row\\"
          >
            <div
              class=\\"column\\"
            >
              <div
                class=\\"ui fluid buttons\\"
              >
                <button
                  class=\\"ui large primary button\\"
                  type=\\"submit\\"
                >
                  Submit
                </button>
                <div
                  class=\\"or\\"
                />
                <button
                  class=\\"ui large button\\"
                >
                  Cancel
                </button>
              </div>
              <div
                class=\\"ui red floating hidden message\\"
                style=\\"text-align: left;\\"
              >
                
              </div>
            </div>
          </div>
        </div>
      </div>
    </div>
  </div>
</body>"
`;
