// Jest Snapshot v1, https://goo.gl/fbAQLP

exports[`Render 1 1 1`] = `<DocumentFragment />`;

exports[`Render 2 1 1`] = `<DocumentFragment />`;

exports[`Render 3 1 1`] = `<DocumentFragment />`;

exports[`Render 4 1 1`] = `<DocumentFragment />`;

exports[`Render 5 1 1`] = `<DocumentFragment />`;

exports[`Render 6 1 1`] = `
<DocumentFragment>
  <div>
    @components/Gate
  </div>
</DocumentFragment>
`;

exports[`Render 7 1 1`] = `
<DocumentFragment>
  <div>
    @components/Gate
  </div>
</DocumentFragment>
`;

exports[`Render 8 1 1`] = `
<DocumentFragment>
  <div>
    @components/Gate
  </div>
</DocumentFragment>
`;
