// Jest Snapshot v1, https://goo.gl/fbAQLP

exports[`Render with scenario 1`] = `
"<body>
  <div
    id=\\"root\\"
  />
  <div>
    <div
      aria-busy=\\"true\\"
      aria-live=\\"polite\\"
      class=\\"ui card loading__single-card\\"
      role=\\"status\\"
      style=\\"width: 100%; height: 90%;\\"
    >
      <div
        aria-hidden=\\"true\\"
        class=\\"content loading__content\\"
      >
        <div
          class=\\"ui placeholder\\"
        >
          <div
            class=\\"square image\\"
          />
        </div>
      </div>
    </div>
  </div>
</body>"
`;

exports[`Render with scenario 2`] = `
"<body>
  <div
    id=\\"root\\"
  />
  <div>
    <div>
      <div
        class=\\"ui attached tabular menu\\"
      >
        <a
          class=\\"active item\\"
        >
          History
        </a>
      </div>
      <div
        class=\\"ui bottom attached segment active tab\\"
      >
        <table
          aria-labelledby=\\"header\\"
          class=\\"ui selectable striped unstackable table h__table--constraints\\"
          role=\\"grid\\"
        >
          <thead
            class=\\"\\"
          >
            <tr
              class=\\"\\"
            >
              <th
                class=\\"\\"
                style=\\"width: 40px;\\"
              />
              <th
                class=\\"h__col-medium\\"
              >
                Cohort name
              </th>
              <th
                class=\\"h__col-medium\\"
              >
                Scenario title
              </th>
              <th
                class=\\"h__col-small\\"
              >
                Started
              </th>
              <th
                class=\\"h__col-small\\"
              >
                Completed
              </th>
            </tr>
          </thead>
          <tbody
            class=\\"\\"
          >
            <tr
              class=\\"negative\\"
            >
              <td
                aria-label=\\"Finish this \\\\\\"Multiplayer Scenario 2\\\\\\" to view your data\\"
                class=\\"h__table-cell-first\\"
              >
                <i
                  aria-hidden=\\"true\\"
                  class=\\"file alternate outline disabled icon\\"
                />
              </td>
              <td
                class=\\"h__col-medium\\"
                role=\\"button\\"
                style=\\"cursor: pointer;\\"
              >
                <a
                  href=\\"/cohort/6e4213d8d3\\"
                >
                  A New Cohort That Exists Within Inline Props
                </a>
              </td>
              <td
                class=\\"h__col-medium\\"
                role=\\"button\\"
                style=\\"cursor: pointer;\\"
              >
                <a
                  href=\\"/cohort/6e4213d8d3/run/a5c52e7b6f/slide/0\\"
                >
                  Multiplayer Scenario 2
                </a>
              </td>
              <td
                alt=\\"03/31/2020\\"
                class=\\"h__col-small\\"
              >
                <span>
                  2 years ago
                </span>
              </td>
              <td
                alt=\\"This run is not complete\\"
                class=\\"h__col-small\\"
              >
                
              </td>
            </tr>
            <tr
              class=\\"positive\\"
            >
              <td
                aria-label=\\"View your data for this scenario run, from cohort \\\\\\"A New Cohort That Exists Within Inline Props\\\\\\"\\"
                class=\\"h__table-cell-first\\"
                role=\\"button\\"
                style=\\"cursor: pointer;\\"
              >
                <i
                  aria-hidden=\\"true\\"
                  class=\\"file alternate outline icon\\"
                />
              </td>
              <td
                class=\\"h__col-medium\\"
                role=\\"button\\"
                style=\\"cursor: pointer;\\"
              >
                <a
                  href=\\"/cohort/6e4213d8d3\\"
                >
                  A New Cohort That Exists Within Inline Props
                </a>
              </td>
              <td
                class=\\"h__col-medium\\"
                role=\\"button\\"
                style=\\"cursor: pointer;\\"
              >
                <a
                  href=\\"/cohort/6e4213d8d3/run/a5c52e7b6f/slide/0\\"
                >
                  Multiplayer Scenario 2
                </a>
              </td>
              <td
                alt=\\"03/31/2020\\"
                class=\\"h__col-small\\"
              >
                <span>
                  2 years ago
                </span>
              </td>
              <td
                alt=\\"03/31/2020\\"
                class=\\"h__col-small\\"
              >
                <span>
                  2 years ago
                </span>
              </td>
            </tr>
            <tr
              class=\\"positive\\"
            >
              <td
                aria-label=\\"View your data for this scenario run, from cohort \\\\\\"A New Cohort That Exists Within Inline Props\\\\\\"\\"
                class=\\"h__table-cell-first\\"
                role=\\"button\\"
                style=\\"cursor: pointer;\\"
              >
                <i
                  aria-hidden=\\"true\\"
                  class=\\"file alternate outline icon\\"
                />
              </td>
              <td
                class=\\"h__col-medium\\"
                role=\\"button\\"
                style=\\"cursor: pointer;\\"
              >
                <a
                  href=\\"/cohort/6e4213d8d3\\"
                >
                  A New Cohort That Exists Within Inline Props
                </a>
              </td>
              <td
                class=\\"h__col-medium\\"
                role=\\"button\\"
                style=\\"cursor: pointer;\\"
              >
                <a
                  href=\\"/cohort/6e4213d8d3/run/a5c52e7b6f/slide/0\\"
                >
                  Multiplayer Scenario 2
                </a>
              </td>
              <td
                alt=\\"03/31/2020\\"
                class=\\"h__col-small\\"
              >
                <span>
                  2 years ago
                </span>
              </td>
              <td
                alt=\\"03/31/2020\\"
                class=\\"h__col-small\\"
              >
                <span>
                  2 years ago
                </span>
              </td>
            </tr>
            <tr
              class=\\"positive\\"
            >
              <td
                aria-label=\\"View your data for this run of scenario \\\\\\"Multiplayer Scenario 2\\\\\\"\\"
                class=\\"h__table-cell-first\\"
                role=\\"button\\"
                style=\\"cursor: pointer;\\"
              >
                <i
                  aria-hidden=\\"true\\"
                  class=\\"file alternate outline icon\\"
                />
              </td>
              <td
                class=\\"h__col-medium dt__cell-data-missing\\"
                role=\\"button\\"
                style=\\"cursor: pointer;\\"
              >
                 
              </td>
              <td
                class=\\"h__col-medium\\"
                role=\\"button\\"
                style=\\"cursor: pointer;\\"
              >
                <a
                  href=\\"/run/a5c52e7b6f/slide/0\\"
                >
                  Multiplayer Scenario 2
                </a>
              </td>
              <td
                alt=\\"03/31/2020\\"
                class=\\"h__col-small\\"
              >
                <span>
                  2 years ago
                </span>
              </td>
              <td
                alt=\\"03/31/2020\\"
                class=\\"h__col-small\\"
              >
                <span>
                  2 years ago
                </span>
              </td>
            </tr>
          </tbody>
        </table>
      </div>
    </div>
  </div>
</body>"
`;
