// Jest Snapshot v1, https://goo.gl/fbAQLP

exports[`Render 1 1 1`] = `
"<body
  class=\\"dimmable dimmed\\"
>
  <div
    aria-hidden=\\"true\\"
    id=\\"root\\"
  />
  <div />
  <div
    class=\\"ui page modals dimmer transition visible active\\"
    style=\\"display: flex;\\"
  >
    <div
      aria-modal=\\"true\\"
      class=\\"ui small modal transition visible active\\"
      role=\\"dialog\\"
    >
      <div
        class=\\"ui header\\"
        tabindex=\\"0\\"
      >
        <i
          aria-hidden=\\"true\\"
          class=\\"user outline icon\\"
        />
        <div
          class=\\"content\\"
        >
          Log In
        </div>
      </div>
      <div
        class=\\"content\\"
      >
        <form
          class=\\"ui form\\"
        >
          <div
            class=\\"field\\"
          >
            <label
              for=\\"username\\"
            >
              Username
            </label>
            <div
              class=\\"field\\"
            >
              <div
                class=\\"ui input\\"
              >
                <input
                  autocomplete=\\"username\\"
                  id=\\"username\\"
                  name=\\"username\\"
                  type=\\"text\\"
                  value=\\"\\"
                />
              </div>
            </div>
          </div>
          <div
            class=\\"field\\"
          >
            <label
              for=\\"password\\"
            >
              Password
            </label>
            <div
              class=\\"field\\"
            >
              <div
                class=\\"ui input\\"
              >
                <input
                  autocomplete=\\"current-password\\"
                  id=\\"password\\"
                  name=\\"password\\"
                  type=\\"password\\"
                  value=\\"\\"
                />
              </div>
            </div>
          </div>
        </form>
      </div>
      <div
        class=\\"actions\\"
      >
        <div
          class=\\"ui grid\\"
        >
          <div
            class=\\"row\\"
          >
            <div
              class=\\"column\\"
            >
              <button
                class=\\"ui large primary button\\"
                style=\\"width: 100%;\\"
                type=\\"submit\\"
              >
                Log in
              </button>
              <div
                class=\\"ui fluid buttons\\"
              >
                <a
                  class=\\"ui large button\\"
                  href=\\"/login/reset\\"
                  role=\\"button\\"
                  style=\\"width: 33%;\\"
                >
                  Reset Password
                </a>
                <div
                  class=\\"or\\"
                />
                <a
                  class=\\"ui large button\\"
                  href=\\"/login/create-account\\"
                  role=\\"button\\"
                  style=\\"width: 33%;\\"
                >
                  Create an account
                </a>
                <div
                  class=\\"or\\"
                />
                <a
                  class=\\"ui large button\\"
                  href=\\"/scenarios/\\"
                  role=\\"button\\"
                  style=\\"width: 33%;\\"
                >
                  Go back to scenarios
                </a>
              </div>
              <div
                class=\\"ui red floating hidden message\\"
                style=\\"text-align: left;\\"
              >
                
              </div>
            </div>
          </div>
        </div>
      </div>
    </div>
  </div>
</body>"
`;
