// Jest Snapshot v1, https://goo.gl/fbAQLP

exports[`Render 1 1 1`] = `
<DocumentFragment>
  <div
    aria-describedby="2"
    aria-labelledby="1"
    class="ui card sc sc__margin-height"
  >
    <div
      class="content"
    >
      <div
        class="meta sc__status"
      >
        <i
          aria-hidden="true"
          class="blue edit icon"
        />
         Draft
      </div>
      <div
        class="header sc sc__cursor-pointer"
        id="1"
        tabindex="0"
      >
         Multiplayer Scenario 2
      </div>
      <div
        class="description"
      >
        <p>
          This is the description of 'A Multiplayer Scenario'…
        </p>
      </div>
      <div
        class="meta sc__footer"
      >
        <p>
          Created 
          <time
            class="sc__time"
            datetime="2020-08-31T17:50:28.089Z"
          >
            4 months ago
          </time>
        </p>
        <div
          class="ui labels"
        >
          <button
            aria-label="Click for scenarios labelled a"
            class="ui small label"
            tabindex="0"
            value="a"
          >
            a
          </button>
          <button
            aria-label="Click for scenarios labelled b"
            class="ui small label"
            tabindex="0"
            value="b"
          >
            b
          </button>
        </div>
      </div>
    </div>
    <div
      class="extra content"
      tabindex="0"
    >
      <div
        class="ui fluid buttons"
      >
        <a
          aria-label="Run scenario"
          class="ui tiny icon button sc__button"
          href="/run/42/slide/0"
          role="button"
          tabindex="0"
        >
          <i
            aria-hidden="true"
            class="blue play icon"
          />
          <span
            class="sc__card-action-labels"
          >
            Run
          </span>
        </a>
        <a
          aria-label="Edit scenario"
          class="ui tiny icon button sc__button sc__hidden-on-mobile"
          href="/editor/42/slides/1"
          role="button"
          tabindex="0"
        >
          <i
            aria-hidden="true"
            class="blue edit outline icon"
          />
          <span
            class="sc__card-action-labels"
          >
            Edit
          </span>
        </a>
        <a
          aria-label="Copy scenario"
          class="ui tiny icon button sc__button sc__hidden-on-mobile"
          href="/editor/copy/42"
          role="button"
          tabindex="0"
        >
          <i
            aria-hidden="true"
            class="blue copy outline icon"
          />
          <span
            class="sc__card-action-labels"
          >
            Copy
          </span>
        </a>
      </div>
    </div>
  </div>
</DocumentFragment>
`;
