// Jest Snapshot v1, https://goo.gl/fbAQLP

exports[`Render 1 1 1`] = `"<div class=\\"ui card sc sc__margin-height deleted\\"><div class=\\"content\\"><div class=\\"header strike\\"></div><div class=\\"description strike\\"></div></div><div class=\\"extra content\\"><div class=\\"ui buttons sc__edit-buttons\\"><button name=\\"restore\\" class=\\"ui button\\">Restore</button></div></div></div>"`;

exports[`Render 1 1 2`] = `"<div class=\\"ui card sc sc__margin-height deleted\\"><div class=\\"content\\"><div class=\\"header strike\\"></div><div class=\\"description strike\\"></div></div><div class=\\"extra content\\"><div class=\\"ui buttons sc__edit-buttons\\"><button name=\\"restore\\" class=\\"ui button\\">Restore</button></div></div></div>"`;

exports[`Render 1 1 3`] = `
<DocumentFragment>
  <div
    class="ui card sc sc__margin-height deleted"
  >
    <div
      class="content"
    >
      <div
        class="header strike"
      />
      <div
        class="description strike"
      />
    </div>
    <div
      class="extra content"
    >
      <div
        class="ui buttons sc__edit-buttons"
      >
        <button
          class="ui button"
          name="restore"
        >
          Restore
        </button>
      </div>
    </div>
  </div>
</DocumentFragment>
`;
