// Jest Snapshot v1, https://goo.gl/fbAQLP

exports[`Render 1 1 1`] = `"<div class=\\"ui centered card scenario__slide-card\\"><div class=\\"content scenario__slide-card-header\\"><div class=\\"header\\"><div class=\\"ui fluid buttons\\"><a class=\\"ui primary button\\" role=\\"button\\" href=\\"/scenarios\\">Return to scenarios</a><div class=\\"or\\"></div><button class=\\"ui button\\">Rerun this scenario</button></div></div></div><div tabindex=\\"0\\" class=\\"content scenario__slide-card-content-preview\\"><p></p></div></div>"`;

exports[`Render 1 1 2`] = `"<div class=\\"ui centered card scenario__slide-card\\"><div class=\\"content scenario__slide-card-header\\"><div class=\\"header\\"><div class=\\"ui fluid buttons\\"><a class=\\"ui primary button\\" role=\\"button\\" href=\\"/scenarios\\">Return to scenarios</a><div class=\\"or\\"></div><button class=\\"ui button\\">Rerun this scenario</button></div></div></div><div tabindex=\\"0\\" class=\\"content scenario__slide-card-content-preview\\"><p></p></div></div>"`;

exports[`Render 1 1 3`] = `"<div class=\\"ui centered card scenario__slide-card\\"><div class=\\"content scenario__slide-card-header\\"><div class=\\"header\\"><div class=\\"ui fluid buttons\\"><a class=\\"ui primary button\\" role=\\"button\\" href=\\"/scenarios\\">Return to scenarios</a><div class=\\"or\\"></div><button class=\\"ui button\\">Rerun this scenario</button></div></div></div><div tabindex=\\"0\\" class=\\"content scenario__slide-card-content-preview\\"><p></p></div></div>"`;
