// Jest Snapshot v1, https://goo.gl/fbAQLP

exports[`Render 1 1 1`] = `
<DocumentFragment>
  <div
    class="ui stackable two column grid grid__container"
  >
    <div
      class="four wide column grid__sidebar"
    >
      <div
        class="grid__header"
      >
        <h1
          class="ui top attached header"
        >
          Scenarios
        </h1>
        <div
          class="ui large attached segment"
        >
          Scenarios are authored collections of slides which guide a participant through a simulation.
        </div>
      </div>
      <a
        class="ui big fluid icon primary left labeled button sc__hidden-on-mobile"
        href="/editor/new"
        name="Create a scenario"
        role="button"
      >
        <i
          aria-hidden="true"
          class="add icon"
        />
        Create a Scenario
      </a>
    </div>
    <div
      class="twelve wide column grid__main"
    >
      <div
        class="right menu grid__menu"
      >
        <div
          class="ui big icon labeled input grid__menu-search"
        >
          <div
            class="ui label label"
          >
            Search scenarios
          </div>
          <input
            type="text"
            value=""
          />
          <i
            aria-hidden="true"
            class="search icon"
          />
        </div>
        <div
          class="sl__menu-tools"
        >
          <div>
            <p>
                
              <span
                class="sl__menu--search-no"
              >
                (0)
              </span>
            </p>
            <button
              class="ui small icon left labeled button sc__hidden-on-mobile"
            >
              <i
                aria-hidden="true"
                class="blue clipboard outline icon"
              />
              Copy the url to these scenarios
            </button>
          </div>
          <div
            class="item"
            tabindex="0"
          >
            <div
              aria-expanded="false"
              class="ui button item search scrolling dropdown"
              role="combobox"
            >
              <input
                aria-autocomplete="list"
                autocomplete="off"
                class="search"
                tabindex="0"
                type="text"
                value=""
              />
              <div
                aria-atomic="true"
                aria-live="polite"
                class="divider text"
                role="alert"
              >
                Filter by labels
              </div>
              <i
                aria-hidden="true"
                class="dropdown icon"
              />
              <div
                class="menu transition labels"
                role="listbox"
              />
            </div>
          </div>
        </div>
      </div>
      <div
        class="ui grid"
      >
        <div
          hidden=""
          id="boundary-top"
          style="background-color: red; height: 1px; width: 100vw; z-index: 9007199254740991;"
        />
        <div
          class="row"
        >
          <div
            class="stretched column"
          >
            <div>
              <div
                aria-busy="true"
                aria-live="polite"
                class="ui doubling three cards"
                role="status"
              >
                <div
                  aria-hidden="true"
                  class="ui card loading__multi-card"
                  style="height: 22em;"
                >
                  <div
                    class="content loading__content"
                  >
                    <div
                      class="ui placeholder fluid"
                    >
                      <div
                        class="square image"
                      />
                    </div>
                  </div>
                </div>
                <div
                  aria-hidden="true"
                  class="ui card loading__multi-card"
                  style="height: 22em;"
                >
                  <div
                    class="content loading__content"
                  >
                    <div
                      class="ui placeholder fluid"
                    >
                      <div
                        class="square image"
                      />
                    </div>
                  </div>
                </div>
                <div
                  aria-hidden="true"
                  class="ui card loading__multi-card"
                  style="height: 22em;"
                >
                  <div
                    class="content loading__content"
                  >
                    <div
                      class="ui placeholder fluid"
                    >
                      <div
                        class="square image"
                      />
                    </div>
                  </div>
                </div>
                <div
                  aria-hidden="true"
                  class="ui card loading__multi-card"
                  style="height: 22em;"
                >
                  <div
                    class="content loading__content"
                  >
                    <div
                      class="ui placeholder fluid"
                    >
                      <div
                        class="square image"
                      />
                    </div>
                  </div>
                </div>
                <div
                  aria-hidden="true"
                  class="ui card loading__multi-card"
                  style="height: 22em;"
                >
                  <div
                    class="content loading__content"
                  >
                    <div
                      class="ui placeholder fluid"
                    >
                      <div
                        class="square image"
                      />
                    </div>
                  </div>
                </div>
                <div
                  aria-hidden="true"
                  class="ui card loading__multi-card"
                  style="height: 22em;"
                >
                  <div
                    class="content loading__content"
                  >
                    <div
                      class="ui placeholder fluid"
                    >
                      <div
                        class="square image"
                      />
                    </div>
                  </div>
                </div>
              </div>
            </div>
          </div>
        </div>
        <div
          hidden=""
          id="boundary-bottom"
          style="background-color: red; height: 1px; width: 100vw; z-index: 9007199254740991;"
        />
        <div
          class="row"
        >
          <div
            class="stretched column"
          />
        </div>
      </div>
    </div>
  </div>
</DocumentFragment>
`;

exports[`Render 2 1 1`] = `
<DocumentFragment>
  <div
    class="ui stackable two column grid grid__container"
  >
    <div
      class="four wide column grid__sidebar"
    >
      <div
        class="grid__header"
      >
        <h1
          class="ui top attached header"
        >
          Scenarios
        </h1>
        <div
          class="ui large attached segment"
        >
          Scenarios are authored collections of slides which guide a participant through a simulation.
        </div>
      </div>
      <a
        class="ui big fluid icon primary left labeled button sc__hidden-on-mobile"
        href="/editor/new"
        name="Create a scenario"
        role="button"
      >
        <i
          aria-hidden="true"
          class="add icon"
        />
        Create a Scenario
      </a>
    </div>
    <div
      class="twelve wide column grid__main"
    >
      <div
        class="right menu grid__menu"
      >
        <div
          class="ui big icon labeled input grid__menu-search"
        >
          <div
            class="ui label label"
          >
            Search scenarios
          </div>
          <input
            type="text"
            value=""
          />
          <i
            aria-hidden="true"
            class="search icon"
          />
        </div>
        <div
          class="sl__menu-tools"
        >
          <div>
            <p>
                
              <span
                class="sl__menu--search-no"
              >
                (0)
              </span>
            </p>
            <button
              class="ui small icon left labeled button sc__hidden-on-mobile"
            >
              <i
                aria-hidden="true"
                class="blue clipboard outline icon"
              />
              Copy the url to these scenarios
            </button>
          </div>
          <div
            class="item"
            tabindex="0"
          >
            <div
              aria-expanded="false"
              class="ui button item search scrolling dropdown"
              role="combobox"
            >
              <input
                aria-autocomplete="list"
                autocomplete="off"
                class="search"
                tabindex="0"
                type="text"
                value=""
              />
              <div
                aria-atomic="true"
                aria-live="polite"
                class="divider text"
                role="alert"
              >
                Filter by labels
              </div>
              <i
                aria-hidden="true"
                class="dropdown icon"
              />
              <div
                class="menu transition labels"
                role="listbox"
              />
            </div>
          </div>
        </div>
      </div>
      <div
        class="ui grid"
      >
        <div
          hidden=""
          id="boundary-top"
          style="background-color: red; height: 1px; width: 100vw; z-index: 9007199254740991;"
        />
        <div
          class="row"
        >
          <div
            class="stretched column"
          >
            <div>
              <div
                aria-busy="true"
                aria-live="polite"
                class="ui doubling three cards"
                role="status"
              >
                <div
                  aria-hidden="true"
                  class="ui card loading__multi-card"
                  style="height: 22em;"
                >
                  <div
                    class="content loading__content"
                  >
                    <div
                      class="ui placeholder fluid"
                    >
                      <div
                        class="square image"
                      />
                    </div>
                  </div>
                </div>
                <div
                  aria-hidden="true"
                  class="ui card loading__multi-card"
                  style="height: 22em;"
                >
                  <div
                    class="content loading__content"
                  >
                    <div
                      class="ui placeholder fluid"
                    >
                      <div
                        class="square image"
                      />
                    </div>
                  </div>
                </div>
                <div
                  aria-hidden="true"
                  class="ui card loading__multi-card"
                  style="height: 22em;"
                >
                  <div
                    class="content loading__content"
                  >
                    <div
                      class="ui placeholder fluid"
                    >
                      <div
                        class="square image"
                      />
                    </div>
                  </div>
                </div>
                <div
                  aria-hidden="true"
                  class="ui card loading__multi-card"
                  style="height: 22em;"
                >
                  <div
                    class="content loading__content"
                  >
                    <div
                      class="ui placeholder fluid"
                    >
                      <div
                        class="square image"
                      />
                    </div>
                  </div>
                </div>
                <div
                  aria-hidden="true"
                  class="ui card loading__multi-card"
                  style="height: 22em;"
                >
                  <div
                    class="content loading__content"
                  >
                    <div
                      class="ui placeholder fluid"
                    >
                      <div
                        class="square image"
                      />
                    </div>
                  </div>
                </div>
                <div
                  aria-hidden="true"
                  class="ui card loading__multi-card"
                  style="height: 22em;"
                >
                  <div
                    class="content loading__content"
                  >
                    <div
                      class="ui placeholder fluid"
                    >
                      <div
                        class="square image"
                      />
                    </div>
                  </div>
                </div>
              </div>
            </div>
          </div>
        </div>
        <div
          hidden=""
          id="boundary-bottom"
          style="background-color: red; height: 1px; width: 100vw; z-index: 9007199254740991;"
        />
        <div
          class="row"
        >
          <div
            class="stretched column"
          />
        </div>
      </div>
    </div>
  </div>
</DocumentFragment>
`;
