// Jest Snapshot v1, https://goo.gl/fbAQLP

exports[`Card 1`] = `"<i aria-label=\\"Participant Suggestion\\" class=\\"info icon\\"></i><span class=\\"ser__component-name\\">Participant Suggestion</span>"`;

exports[`Card 2`] = `"<i aria-label=\\"Participant Suggestion\\" class=\\"info icon\\"></i><span class=\\"ser__component-name\\">Participant Suggestion</span>"`;

exports[`Card 3`] = `
<DocumentFragment>
  <i
    aria-label="Participant Suggestion"
    class="info icon"
  />
  <span
    class="ser__component-name"
  >
    Participant Suggestion
  </span>
</DocumentFragment>
`;
