// Jest Snapshot v1, https://goo.gl/fbAQLP

exports[`Render 1 1 1`] = `"<i aria-label=\\"Prompt: Text Input\\" class=\\"keyboard icon\\"></i>Prompt: Text Input"`;

exports[`Render 1 1 2`] = `"<i aria-label=\\"Prompt: Text Input\\" class=\\"keyboard icon\\"></i>Prompt: Text Input"`;

exports[`Render 1 1 3`] = `
<DocumentFragment>
  <i
    aria-label="Prompt: Text Input"
    class="keyboard icon"
  />
  Prompt: Text Input
</DocumentFragment>
`;
