// Jest Snapshot v1, https://goo.gl/fbAQLP

exports[`Render 1 1 1`] = `
"<body>
  <div
    id=\\"root\\"
  />
  <div>
    <form
      class=\\"ui form\\"
    >
      <div
        class=\\"ui fluid container\\"
      >
        <div
          class=\\"ui grid\\"
        >
          <div
            class=\\"row\\"
          >
            <div
              class=\\"column\\"
            >
              <div
                class=\\"field\\"
              >
                <label>
                  Select an AI agent:
                </label>
                <div
                  aria-expanded=\\"false\\"
                  aria-label=\\"Select an agent\\"
                  class=\\"ui fluid search selection scrolling dropdown\\"
                  role=\\"combobox\\"
                >
                  <input
                    aria-autocomplete=\\"list\\"
                    autocomplete=\\"off\\"
                    class=\\"search\\"
                    tabindex=\\"0\\"
                    type=\\"text\\"
                    value=\\"\\"
                  />
                  <div
                    aria-atomic=\\"true\\"
                    aria-live=\\"polite\\"
                    class=\\"divider default text\\"
                    role=\\"alert\\"
                  >
                    Select an agent
                  </div>
                  <i
                    aria-hidden=\\"true\\"
                    class=\\"dropdown icon\\"
                  />
                  <div
                    class=\\"menu transition\\"
                    role=\\"listbox\\"
                  >
                    <div
                      aria-checked=\\"false\\"
                      aria-selected=\\"true\\"
                      class=\\"selected item\\"
                      role=\\"option\\"
                      style=\\"pointer-events: all;\\"
                    >
                      <span
                        class=\\"text\\"
                      >
                        No selection
                      </span>
                    </div>
                  </div>
                </div>
              </div>
              <div
                class=\\"ui segment\\"
              >
                <p
                  class=\\"cce__paragraph\\"
                  tabindex=\\"0\\"
                >
                  Create rules that are used to determine if the content below will be displayed to the participant.
                </p>
                <p
                  class=\\"cce__paragraph\\"
                  tabindex=\\"0\\"
                >
                  For every rule, 
                  <code>
                    X
                  </code>
                   is the sum of affirmative responses from the agent, and 
                  <code>
                    Y
                  </code>
                   is your comparison value.
                </p>
              </div>
              <table
                class=\\"ui definition striped unstackable table\\"
              >
                <thead
                  class=\\"\\"
                >
                  <tr
                    class=\\"\\"
                  >
                    <th
                      class=\\"mpr__thead-background\\"
                    />
                    <th
                      class=\\"\\"
                    >
                      Operation
                    </th>
                    <th
                      class=\\"cce__cell-constraint\\"
                    >
                      Y value
                    </th>
                    <th
                      class=\\"cce__cell-constraint\\"
                    >
                      Evaluates as...
                    </th>
                  </tr>
                </thead>
                <tbody
                  class=\\"\\"
                >
                  <tr
                    class=\\"mpr__cursor-grab\\"
                  >
                    <td
                      class=\\"collapsing\\"
                    >
                      <div
                        class=\\"ui borderless icon em__height menu\\"
                      >
                        <a
                          aria-label=\\"Save rule\\"
                          class=\\"item\\"
                          tabindex=\\"0\\"
                        >
                          <i
                            aria-hidden=\\"true\\"
                            class=\\"save outline icon\\"
                          />
                        </a>
                        <a
                          aria-label=\\"Delete this rule\\"
                          class=\\"item\\"
                          tabindex=\\"0\\"
                        >
                          <i
                            aria-hidden=\\"true\\"
                            class=\\"trash alternate outline icon\\"
                          />
                        </a>
                      </div>
                    </td>
                    <td
                      class=\\"\\"
                    >
                      <div
                        aria-expanded=\\"false\\"
                        aria-label=\\"Select the operator for expression 1\\"
                        class=\\"ui fluid search selection dropdown\\"
                        index=\\"0\\"
                        name=\\"operator\\"
                        role=\\"combobox\\"
                      >
                        <input
                          aria-autocomplete=\\"list\\"
                          autocomplete=\\"off\\"
                          class=\\"search\\"
                          tabindex=\\"0\\"
                          type=\\"text\\"
                          value=\\"\\"
                        />
                        <i
                          aria-hidden=\\"true\\"
                          class=\\"dropdown icon\\"
                        />
                        <div
                          class=\\"menu transition\\"
                          role=\\"listbox\\"
                        >
                          <div
                            aria-checked=\\"false\\"
                            aria-selected=\\"true\\"
                            class=\\"selected item\\"
                            id=\\"\\"
                            role=\\"option\\"
                            style=\\"pointer-events: all;\\"
                          />
                          <div
                            aria-checked=\\"false\\"
                            aria-selected=\\"false\\"
                            class=\\"item\\"
                            role=\\"option\\"
                            style=\\"pointer-events: all;\\"
                          >
                            <table
                              class=\\"ui table text\\"
                            >
                              <thead
                                class=\\"\\"
                              >
                                <tr
                                  class=\\"\\"
                                >
                                  <th
                                    class=\\"\\"
                                  >
                                    <code>
                                      X == Y
                                    </code>
                                  </th>
                                </tr>
                              </thead>
                              <tbody
                                class=\\"\\"
                              >
                                <tr
                                  class=\\"\\"
                                >
                                  <td
                                    class=\\"\\"
                                  >
                                    X equals Y
                                    :
                                    <br />
                                    Use this operation to determine if \\"X\\", which is the sum of affirmative responses from this agent, is equal to \\"Y\\", which is your comparison value.
                                  </td>
                                </tr>
                              </tbody>
                            </table>
                          </div>
                          <div
                            aria-checked=\\"false\\"
                            aria-selected=\\"false\\"
                            class=\\"item\\"
                            role=\\"option\\"
                            style=\\"pointer-events: all;\\"
                          >
                            <table
                              class=\\"ui table text\\"
                            >
                              <thead
                                class=\\"\\"
                              >
                                <tr
                                  class=\\"\\"
                                >
                                  <th
                                    class=\\"\\"
                                  >
                                    <code>
                                      X != Y
                                    </code>
                                  </th>
                                </tr>
                              </thead>
                              <tbody
                                class=\\"\\"
                              >
                                <tr
                                  class=\\"\\"
                                >
                                  <td
                                    class=\\"\\"
                                  >
                                    X does not equal Y
                                    :
                                    <br />
                                    Use this operation to determine if \\"X\\", which is the sum of affirmative responses from this agent, is not equal to \\"Y\\", which is your comparison value.
                                  </td>
                                </tr>
                              </tbody>
                            </table>
                          </div>
                          <div
                            aria-checked=\\"false\\"
                            aria-selected=\\"false\\"
                            class=\\"item\\"
                            role=\\"option\\"
                            style=\\"pointer-events: all;\\"
                          >
                            <table
                              class=\\"ui table text\\"
                            >
                              <thead
                                class=\\"\\"
                              >
                                <tr
                                  class=\\"\\"
                                >
                                  <th
                                    class=\\"\\"
                                  >
                                    <code>
                                      X &gt; Y
                                    </code>
                                  </th>
                                </tr>
                              </thead>
                              <tbody
                                class=\\"\\"
                              >
                                <tr
                                  class=\\"\\"
                                >
                                  <td
                                    class=\\"\\"
                                  >
                                    X is greater than Y
                                    :
                                    <br />
                                    Use this operation to determine if \\"X\\", which is the sum of affirmative responses from this agent, is greater than \\"Y\\", which is your comparison value.
                                  </td>
                                </tr>
                              </tbody>
                            </table>
                          </div>
                          <div
                            aria-checked=\\"false\\"
                            aria-selected=\\"false\\"
                            class=\\"item\\"
                            role=\\"option\\"
                            style=\\"pointer-events: all;\\"
                          >
                            <table
                              class=\\"ui table text\\"
                            >
                              <thead
                                class=\\"\\"
                              >
                                <tr
                                  class=\\"\\"
                                >
                                  <th
                                    class=\\"\\"
                                  >
                                    <code>
                                      X &gt;= Y
                                    </code>
                                  </th>
                                </tr>
                              </thead>
                              <tbody
                                class=\\"\\"
                              >
                                <tr
                                  class=\\"\\"
                                >
                                  <td
                                    class=\\"\\"
                                  >
                                    X is greater than or equal to Y
                                    :
                                    <br />
                                    Use this operation to determine if \\"X\\", which is the sum of affirmative responses from this agent, is greater than or equal to \\"Y\\", which is your comparison value.
                                  </td>
                                </tr>
                              </tbody>
                            </table>
                          </div>
                          <div
                            aria-checked=\\"false\\"
                            aria-selected=\\"false\\"
                            class=\\"item\\"
                            role=\\"option\\"
                            style=\\"pointer-events: all;\\"
                          >
                            <table
                              class=\\"ui table text\\"
                            >
                              <thead
                                class=\\"\\"
                              >
                                <tr
                                  class=\\"\\"
                                >
                                  <th
                                    class=\\"\\"
                                  >
                                    <code>
                                      X &lt; Y
                                    </code>
                                  </th>
                                </tr>
                              </thead>
                              <tbody
                                class=\\"\\"
                              >
                                <tr
                                  class=\\"\\"
                                >
                                  <td
                                    class=\\"\\"
                                  >
                                    X is less than Y
                                    :
                                    <br />
                                    Use this operation to determine if \\"X\\", which is the sum of affirmative responses from this agent, is less than \\"Y\\", which is your comparison value.
                                  </td>
                                </tr>
                              </tbody>
                            </table>
                          </div>
                          <div
                            aria-checked=\\"false\\"
                            aria-selected=\\"false\\"
                            class=\\"item\\"
                            role=\\"option\\"
                            style=\\"pointer-events: all;\\"
                          >
                            <table
                              class=\\"ui table text\\"
                            >
                              <thead
                                class=\\"\\"
                              >
                                <tr
                                  class=\\"\\"
                                >
                                  <th
                                    class=\\"\\"
                                  >
                                    <code>
                                      X &lt;= Y
                                    </code>
                                  </th>
                                </tr>
                              </thead>
                              <tbody
                                class=\\"\\"
                              >
                                <tr
                                  class=\\"\\"
                                >
                                  <td
                                    class=\\"\\"
                                  >
                                    X is less than or equal to Y
                                    :
                                    <br />
                                    Use this operation to determine if \\"X\\", which is the sum of affirmative responses from this agent, is less than or equal to \\"Y\\", which is your comparison value.
                                  </td>
                                </tr>
                              </tbody>
                            </table>
                          </div>
                        </div>
                      </div>
                    </td>
                    <td
                      class=\\"\\"
                    >
                      <div
                        class=\\"ui fluid input\\"
                        index=\\"0\\"
                        options=\\"[object Object],[object Object],[object Object],[object Object],[object Object],[object Object],[object Object]\\"
                      >
                        <input
                          aria-label=\\"Enter the value for expression 1\\"
                          autocomplete=\\"off\\"
                          name=\\"value\\"
                          type=\\"text\\"
                          value=\\"\\"
                        />
                      </div>
                    </td>
                    <td
                      class=\\"\\"
                    >
                      Select an operator to create a rule
                    </td>
                  </tr>
                </tbody>
                <tfoot
                  class=\\"full-width\\"
                >
                  <tr
                    class=\\"\\"
                  >
                    <th
                      class=\\"\\"
                    />
                    <th
                      class=\\"\\"
                      colspan=\\"3\\"
                    >
                      <div
                        class=\\"ui borderless right floated menu\\"
                      >
                        <a
                          aria-label=\\"Add another slide choice\\"
                          class=\\"icon item\\"
                          tabindex=\\"0\\"
                        >
                          <i
                            class=\\"large icons em__icon-group-margin\\"
                          >
                            <i
                              aria-hidden=\\"true\\"
                              class=\\"hand pointer outline icon\\"
                            />
                            <i
                              aria-hidden=\\"true\\"
                              class=\\"green add top right corner icon\\"
                            />
                          </i>
                          Add a rule
                        </a>
                      </div>
                    </th>
                  </tr>
                </tfoot>
              </table>
              <textarea />
            </div>
          </div>
        </div>
      </div>
    </form>
  </div>
</body>"
`;
