// Jest Snapshot v1, https://goo.gl/fbAQLP

exports[`Card 1`] = `"<i aria-label=\\"Prompt: Text Input\\" class=\\"keyboard icon\\"></i>Prompt: Text Input"`;

exports[`Card 2`] = `"<i aria-label=\\"Prompt: Text Input\\" class=\\"keyboard icon\\"></i>Prompt: Text Input"`;

exports[`Card 3`] = `
"<body>
  <div
    id=\\"root\\"
  />
  <div>
    <i
      aria-label=\\"Prompt: Text Input\\"
      class=\\"keyboard icon\\"
    />
    Prompt: Text Input
  </div>
</body>"
`;
