// Jest Snapshot v1, https://goo.gl/fbAQLP

exports[`Render 1 1 1`] = `"<i aria-label=\\"Prompt: Choose Next Slide\\" class=\\"fork clockwise rotated icon\\"></i>Prompt: Choose Next Slide"`;

exports[`Render 1 1 2`] = `"<i aria-label=\\"Prompt: Choose Next Slide\\" class=\\"fork clockwise rotated icon\\"></i>Prompt: Choose Next Slide"`;

exports[`Render 1 1 3`] = `"<i aria-label=\\"Prompt: Choose Next Slide\\" class=\\"fork clockwise rotated icon\\"></i>Prompt: Choose Next Slide"`;
