// Jest Snapshot v1, https://goo.gl/fbAQLP

exports[`Render 1 1 1`] = `
<DocumentFragment>
  <div
    class="ui fluid vertical menu"
  >
    <a
      class="item"
      role="button"
      style="float: none !important;"
      tabindex="0"
    >
      <i
        aria-label="Rich Text Editor"
        class="edit icon"
      />
      <span
        class="ser__component-name"
      >
        Rich Text Editor
      </span>
    </a>
    <a
      class="item"
      role="button"
      style="float: none !important;"
      tabindex="0"
    >
      <i
        aria-label="Participant Suggestion"
        class="info icon"
      />
      <span
        class="ser__component-name"
      >
        Participant Suggestion
      </span>
    </a>
    <a
      class="item"
      role="button"
      style="float: none !important;"
      tabindex="0"
    >
      <i
        aria-label="Embed Previous Response"
        class="comment alternate outline icon"
      />
      <span
        class="ser__component-name"
      >
        Embed Previous Response
      </span>
    </a>
    <a
      class="item"
      role="button"
      style="float: none !important;"
      tabindex="0"
    >
      <i
        aria-label="Conditional Content"
        class="flask icon"
      />
      <span
        class="ser__component-name"
      >
        Conditional Content
      </span>
    </a>
    <a
      class="item"
      role="button"
      style="float: none !important;"
      tabindex="0"
    >
      <i
        aria-label="Prompt: Audio Input"
        class="microphone icon"
      />
      <span
        class="ser__component-name"
      >
        Prompt: Audio Input
      </span>
    </a>
    <a
      class="item"
      role="button"
      style="float: none !important;"
      tabindex="0"
    >
      <i
        aria-label="Prompt: Choose Next Slide"
        class="fork clockwise rotated icon"
      />
      <span
        class="ser__component-name"
      >
        Prompt: Choose Next Slide
      </span>
    </a>
    <a
      class="item"
      role="button"
      style="float: none !important;"
      tabindex="0"
    >
      <i
        aria-label="Prompt: Conversation"
        class="conversation icon"
      />
      <span
        class="ser__component-name"
      >
        Prompt: Conversation
      </span>
    </a>
    <a
      class="item"
      role="button"
      style="float: none !important;"
      tabindex="0"
    >
      <i
        aria-label="Prompt: Multiple Buttons"
        class="hand pointer outline icon"
      />
      <span
        class="ser__component-name"
      >
        Prompt: Multiple Buttons
      </span>
    </a>
    <a
      class="item"
      role="button"
      style="float: none !important;"
      tabindex="0"
    >
      <i
        aria-label="Prompt: Text Input"
        class="keyboard icon"
      />
      <span
        class="ser__component-name"
      >
        Prompt: Text Input
      </span>
    </a>
    <a
      class="item"
      role="button"
      style="float: none !important;"
      tabindex="0"
    >
      <i
        aria-label="Prompt: Annotation"
        class="icon pen fancy"
      />
      <span
        class="ser__component-name"
      >
        Prompt: Annotation
      </span>
    </a>
  </div>
</DocumentFragment>
`;
