// Jest Snapshot v1, https://goo.gl/fbAQLP

exports[`Card 1`] = `"<i aria-label=\\"Prompt: Text Input\\" class=\\"keyboard icon\\"></i><span class=\\"ser__component-name\\">Prompt: Text Input</span>"`;

exports[`Card 2`] = `"<i aria-label=\\"Prompt: Text Input\\" class=\\"keyboard icon\\"></i><span class=\\"ser__component-name\\">Prompt: Text Input</span>"`;

exports[`Card 3`] = `
<DocumentFragment>
  <i
    aria-label="Prompt: Text Input"
    class="keyboard icon"
  />
  <span
    class="ser__component-name"
  >
    Prompt: Text Input
  </span>
</DocumentFragment>
`;
