// Jest Snapshot v1, https://goo.gl/fbAQLP

exports[`Render 1 1 1`] = `
<DocumentFragment>
  <div
    aria-expanded="false"
    class="ui item simple dropdown"
    role="listbox"
    tabindex="0"
  >
    <span
      class="ui medium text"
    />
     
    <i
      aria-hidden="true"
      class="dropdown icon"
    />
    <div
      class="menu transition"
    >
      <div
        class="item"
        role="option"
        tabindex="0"
      >
        Settings
      </div>
      <div
        class="item"
        role="option"
        tabindex="0"
      >
        Log out
      </div>
    </div>
  </div>
</DocumentFragment>
`;
